==== character 1 ====
CHARACTER_DRIVER index=1 D=-126740891
BASE_BNF_CERTIFIED
prescribed t = [1, 0, 0]

MASSEY_ARITHMETIC_AUDIT character certificate
  prescribed t = [1, 0, 0]
  chi = [39, 0, 0]
  H = [5, 0, 0; 0, 1, 0; 0, 0, 1]
  det(H) = 5; [Cl(K):H] = 5
  class-field modulus = 1 (ordinary class group)
  relative degree = 5; disc(L) = disc(K)^5 = -32702712747749782807590109322163540265451; finite-unramified=PASS
  H column 1: t(h)=0 PASS
  H column 2: t(h)=0 PASS
  H column 3: t(h)=0 PASS
  A=[4, 0, 0] lambda=4 u=1 lambda/u=4 sigma_t/sigma_Artin=4
  generator g_1: Artin exponent A_i=4; relative to sigma_t=1; prescribed t_i=1 PASS
  generator g_2: Artin exponent A_i=0; relative to sigma_t=0; prescribed t_i=0 PASS
  generator g_3: Artin exponent A_i=0; relative to sigma_t=0; prescribed t_i=0 PASS
  direct AC and independent norm-class checks
  input e_1: AC1_COMPACT_DIVISOR=PASS AC2_UNIT_STATUS=PASS AC2_MODULAR_SIGN=PASS AC2_UNIT_COORD=PASS independent D=[0, 4, 4] production D=[0, 4, 4] MATCH
    rational_prime=3 prime_ideal=[3, [-1, 1]~, 1, 1, [0, -31685223; 1, 1]] residue(u)=1 residue(+1)=1 residue(-1)=2 unit_coordinates=[0]~
  input e_2: AC1_COMPACT_DIVISOR=PASS AC2_UNIT_STATUS=PASS AC2_MODULAR_SIGN=PASS AC2_UNIT_COORD=PASS independent D=[0, 0, 2] production D=[0, 0, 2] MATCH
    rational_prime=5 prime_ideal=[5, [-4, 1]~, 1, 1, [-2, -31685223; 1, -1]] residue(u)=1 residue(+1)=1 residue(-1)=4 unit_coordinates=[0]~
  input e_3: AC1_COMPACT_DIVISOR=PASS AC2_UNIT_STATUS=PASS AC2_MODULAR_SIGN=PASS AC2_UNIT_COORD=PASS independent D=[0, 4, 2] production D=[0, 4, 2] MATCH
    rational_prime=5 prime_ideal=[5, [-4, 1]~, 1, 1, [-2, -31685223; 1, -1]] residue(u)=1 residue(+1)=1 residue(-1)=4 unit_coordinates=[0]~
CHARACTER_DONE index=1 D_t=[0, 0, 0; 4, 0, 4; 4, 2, 2]
	Command being timed: "/home/denis/massey/Massey-pari/parallelization/character_driver 5 s^2-s+31685223 1 work/D-126740891/mat-1.gp"
	User time (seconds): 522.39
	System time (seconds): 0.73
	Percent of CPU this job got: 99%
	Elapsed (wall clock) time (h:mm:ss or m:ss): 8:43.94
	Average shared text size (kbytes): 0
	Average unshared data size (kbytes): 0
	Average stack size (kbytes): 0
	Average total size (kbytes): 0
	Maximum resident set size (kbytes): 610008
	Average resident set size (kbytes): 0
	Major (requiring I/O) page faults: 1
	Minor (reclaiming a frame) page faults: 216540
	Voluntary context switches: 35
	Involuntary context switches: 1103
	Swaps: 0
	File system inputs: 912
	File system outputs: 168
	Socket messages sent: 0
	Socket messages received: 0
	Signals delivered: 0
	Page size (bytes): 4096
	Exit status: 0
==== character 2 ====
CHARACTER_DRIVER index=2 D=-126740891
BASE_BNF_CERTIFIED
prescribed t = [0, 1, 0]

MASSEY_ARITHMETIC_AUDIT character certificate
  prescribed t = [0, 1, 0]
  chi = [0, 1, 0]
  H = [1, 0, 0; 0, 5, 0; 0, 0, 1]
  det(H) = 5; [Cl(K):H] = 5
  class-field modulus = 1 (ordinary class group)
  relative degree = 5; disc(L) = disc(K)^5 = -32702712747749782807590109322163540265451; finite-unramified=PASS
  H column 1: t(h)=0 PASS
  H column 2: t(h)=0 PASS
  H column 3: t(h)=0 PASS
  A=[0, 1, 0] lambda=1 u=1 lambda/u=1 sigma_t/sigma_Artin=1
  generator g_1: Artin exponent A_i=0; relative to sigma_t=0; prescribed t_i=0 PASS
  generator g_2: Artin exponent A_i=1; relative to sigma_t=1; prescribed t_i=1 PASS
  generator g_3: Artin exponent A_i=0; relative to sigma_t=0; prescribed t_i=0 PASS
  direct AC and independent norm-class checks
  input e_1: AC1_COMPACT_DIVISOR=PASS AC2_UNIT_STATUS=PASS AC2_MODULAR_SIGN=PASS AC2_UNIT_COORD=PASS independent D=[2, 0, 2] production D=[2, 0, 2] MATCH
    rational_prime=5 prime_ideal=[5, [3, 1]~, 1, 1, [1, -31685223; 1, 2]] residue(u)=1 residue(+1)=1 residue(-1)=4 unit_coordinates=[0]~
  input e_2: AC1_COMPACT_DIVISOR=PASS AC2_UNIT_STATUS=PASS AC2_MODULAR_SIGN=PASS AC2_UNIT_COORD=PASS independent D=[4, 0, 4] production D=[4, 0, 4] MATCH
    rational_prime=5 prime_ideal=[5, [-4, 1]~, 1, 1, [-2, -31685223; 1, -1]] residue(u)=1 residue(+1)=1 residue(-1)=4 unit_coordinates=[0]~
  input e_3: AC1_COMPACT_DIVISOR=PASS AC2_UNIT_STATUS=PASS AC2_MODULAR_SIGN=PASS AC2_UNIT_COORD=PASS independent D=[2, 0, 4] production D=[2, 0, 4] MATCH
    rational_prime=5 prime_ideal=[5, [-4, 1]~, 1, 1, [-2, -31685223; 1, -1]] residue(u)=1 residue(+1)=1 residue(-1)=4 unit_coordinates=[0]~
CHARACTER_DONE index=2 D_t=[2, 4, 2; 0, 0, 0; 2, 4, 4]
	Command being timed: "/home/denis/massey/Massey-pari/parallelization/character_driver 5 s^2-s+31685223 2 work/D-126740891/mat-2.gp"
	User time (seconds): 513.34
	System time (seconds): 0.64
	Percent of CPU this job got: 99%
	Elapsed (wall clock) time (h:mm:ss or m:ss): 8:35.34
	Average shared text size (kbytes): 0
	Average unshared data size (kbytes): 0
	Average stack size (kbytes): 0
	Average total size (kbytes): 0
	Maximum resident set size (kbytes): 437520
	Average resident set size (kbytes): 0
	Major (requiring I/O) page faults: 3
	Minor (reclaiming a frame) page faults: 173060
	Voluntary context switches: 40
	Involuntary context switches: 837
	Swaps: 0
	File system inputs: 176
	File system outputs: 112
	Socket messages sent: 0
	Socket messages received: 0
	Signals delivered: 0
	Page size (bytes): 4096
	Exit status: 0
==== character 3 ====
CHARACTER_DRIVER index=3 D=-126740891
BASE_BNF_CERTIFIED
prescribed t = [0, 0, 1]

MASSEY_ARITHMETIC_AUDIT character certificate
  prescribed t = [0, 0, 1]
  chi = [0, 0, 1]
  H = [1, 0, 0; 0, 1, 0; 0, 0, 5]
  det(H) = 5; [Cl(K):H] = 5
  class-field modulus = 1 (ordinary class group)
  relative degree = 5; disc(L) = disc(K)^5 = -32702712747749782807590109322163540265451; finite-unramified=PASS
  H column 1: t(h)=0 PASS
  H column 2: t(h)=0 PASS
  H column 3: t(h)=0 PASS
  A=[0, 0, 2] lambda=2 u=1 lambda/u=2 sigma_t/sigma_Artin=2
  generator g_1: Artin exponent A_i=0; relative to sigma_t=0; prescribed t_i=0 PASS
  generator g_2: Artin exponent A_i=0; relative to sigma_t=0; prescribed t_i=0 PASS
  generator g_3: Artin exponent A_i=2; relative to sigma_t=1; prescribed t_i=1 PASS
  direct AC and independent norm-class checks
  input e_1: AC1_COMPACT_DIVISOR=PASS AC2_UNIT_STATUS=PASS AC2_MODULAR_SIGN=PASS AC2_UNIT_COORD=PASS independent D=[0, 2, 0] production D=[0, 2, 0] MATCH
    rational_prime=11 prime_ideal=[11, [-2, 1]~, 1, 1, [1, -31685223; 1, 2]] residue(u)=1 residue(+1)=1 residue(-1)=10 unit_coordinates=[0]~
  input e_2: AC1_COMPACT_DIVISOR=PASS AC2_UNIT_STATUS=PASS AC2_MODULAR_SIGN=PASS AC2_UNIT_COORD=PASS independent D=[4, 0, 0] production D=[4, 0, 0] MATCH
    rational_prime=11 prime_ideal=[11, [-2, 1]~, 1, 1, [1, -31685223; 1, 2]] residue(u)=1 residue(+1)=1 residue(-1)=10 unit_coordinates=[0]~
  input e_3: AC1_COMPACT_DIVISOR=PASS AC2_UNIT_STATUS=PASS AC2_MODULAR_SIGN=PASS AC2_UNIT_COORD=PASS independent D=[4, 0, 0] production D=[4, 0, 0] MATCH
    rational_prime=11 prime_ideal=[11, [-2, 1]~, 1, 1, [1, -31685223; 1, 2]] residue(u)=1 residue(+1)=1 residue(-1)=10 unit_coordinates=[0]~
CHARACTER_DONE index=3 D_t=[0, 4, 4; 2, 0, 0; 0, 0, 0]
	Command being timed: "/home/denis/massey/Massey-pari/parallelization/character_driver 5 s^2-s+31685223 3 work/D-126740891/mat-3.gp"
	User time (seconds): 522.16
	System time (seconds): 0.48
	Percent of CPU this job got: 99%
	Elapsed (wall clock) time (h:mm:ss or m:ss): 8:43.50
	Average shared text size (kbytes): 0
	Average unshared data size (kbytes): 0
	Average stack size (kbytes): 0
	Average total size (kbytes): 0
	Maximum resident set size (kbytes): 437444
	Average resident set size (kbytes): 0
	Major (requiring I/O) page faults: 1
	Minor (reclaiming a frame) page faults: 173064
	Voluntary context switches: 30
	Involuntary context switches: 354
	Swaps: 0
	File system inputs: 0
	File system outputs: 144
	Socket messages sent: 0
	Socket messages received: 0
	Signals delivered: 0
	Page size (bytes): 4096
	Exit status: 0
==== character 4 ====
CHARACTER_DRIVER index=4 D=-126740891
BASE_BNF_CERTIFIED
prescribed t = [1, 1, 0]

MASSEY_ARITHMETIC_AUDIT character certificate
  prescribed t = [1, 1, 0]
  chi = [39, 1, 0]
  H = [5, 4, 0; 0, 1, 0; 0, 0, 1]
  det(H) = 5; [Cl(K):H] = 5
  class-field modulus = 1 (ordinary class group)
  relative degree = 5; disc(L) = disc(K)^5 = -32702712747749782807590109322163540265451; finite-unramified=PASS
  H column 1: t(h)=0 PASS
  H column 2: t(h)=0 PASS
  H column 3: t(h)=0 PASS
  A=[3, 3, 0] lambda=3 u=1 lambda/u=3 sigma_t/sigma_Artin=3
  generator g_1: Artin exponent A_i=3; relative to sigma_t=1; prescribed t_i=1 PASS
  generator g_2: Artin exponent A_i=3; relative to sigma_t=1; prescribed t_i=1 PASS
  generator g_3: Artin exponent A_i=0; relative to sigma_t=0; prescribed t_i=0 PASS
  direct AC and independent norm-class checks
  input e_1: AC1_COMPACT_DIVISOR=PASS AC2_UNIT_STATUS=PASS AC2_MODULAR_SIGN=PASS AC2_UNIT_COORD=PASS independent D=[3, 2, 1] production D=[3, 2, 1] MATCH
    rational_prime=11 prime_ideal=[11, [-2, 1]~, 1, 1, [1, -31685223; 1, 2]] residue(u)=1 residue(+1)=1 residue(-1)=10 unit_coordinates=[0]~
  input e_2: AC1_COMPACT_DIVISOR=PASS AC2_UNIT_STATUS=PASS AC2_MODULAR_SIGN=PASS AC2_UNIT_COORD=PASS independent D=[4, 1, 4] production D=[4, 1, 4] MATCH
    rational_prime=11 prime_ideal=[11, [-2, 1]~, 1, 1, [1, -31685223; 1, 2]] residue(u)=1 residue(+1)=1 residue(-1)=10 unit_coordinates=[0]~
  input e_3: AC1_COMPACT_DIVISOR=PASS AC2_UNIT_STATUS=PASS AC2_MODULAR_SIGN=PASS AC2_UNIT_COORD=PASS independent D=[3, 2, 3] production D=[3, 2, 3] MATCH
    rational_prime=11 prime_ideal=[11, [-2, 1]~, 1, 1, [1, -31685223; 1, 2]] residue(u)=1 residue(+1)=1 residue(-1)=10 unit_coordinates=[0]~
CHARACTER_DONE index=4 D_t=[3, 4, 3; 2, 1, 2; 1, 4, 3]
	Command being timed: "/home/denis/massey/Massey-pari/parallelization/character_driver 5 s^2-s+31685223 4 work/D-126740891/mat-4.gp"
	User time (seconds): 526.04
	System time (seconds): 0.89
	Percent of CPU this job got: 99%
	Elapsed (wall clock) time (h:mm:ss or m:ss): 8:47.51
	Average shared text size (kbytes): 0
	Average unshared data size (kbytes): 0
	Average stack size (kbytes): 0
	Average total size (kbytes): 0
	Maximum resident set size (kbytes): 902292
	Average resident set size (kbytes): 0
	Major (requiring I/O) page faults: 0
	Minor (reclaiming a frame) page faults: 297959
	Voluntary context switches: 25
	Involuntary context switches: 549
	Swaps: 0
	File system inputs: 0
	File system outputs: 336
	Socket messages sent: 0
	Socket messages received: 0
	Signals delivered: 0
	Page size (bytes): 4096
	Exit status: 0
==== character 5 ====
CHARACTER_DRIVER index=5 D=-126740891
BASE_BNF_CERTIFIED
prescribed t = [1, 0, 1]
  ***   Warning: increasing stack size to 2147483648.
  ***   Warning: increasing stack size to 4294967296.
  ***   Warning: increasing stack size to 8589934592.

MASSEY_ARITHMETIC_AUDIT character certificate
  prescribed t = [1, 0, 1]
  chi = [39, 0, 1]
  H = [5, 0, 4; 0, 1, 0; 0, 0, 1]
  det(H) = 5; [Cl(K):H] = 5
  class-field modulus = 1 (ordinary class group)
  relative degree = 5; disc(L) = disc(K)^5 = -32702712747749782807590109322163540265451; finite-unramified=PASS
  H column 1: t(h)=0 PASS
  H column 2: t(h)=0 PASS
  H column 3: t(h)=0 PASS
  A=[4, 0, 4] lambda=4 u=1 lambda/u=4 sigma_t/sigma_Artin=4
  generator g_1: Artin exponent A_i=4; relative to sigma_t=1; prescribed t_i=1 PASS
  generator g_2: Artin exponent A_i=0; relative to sigma_t=0; prescribed t_i=0 PASS
  generator g_3: Artin exponent A_i=4; relative to sigma_t=1; prescribed t_i=1 PASS
  direct AC and independent norm-class checks
  input e_1: AC1_COMPACT_DIVISOR=PASS AC2_UNIT_STATUS=PASS AC2_MODULAR_SIGN=PASS AC2_UNIT_COORD=PASS independent D=[1, 2, 4] production D=[1, 2, 4] MATCH
    rational_prime=3 prime_ideal=[3, [-1, 1]~, 1, 1, [0, -31685223; 1, 1]] residue(u)=1 residue(+1)=1 residue(-1)=2 unit_coordinates=[0]~
  input e_2: AC1_COMPACT_DIVISOR=PASS AC2_UNIT_STATUS=PASS AC2_MODULAR_SIGN=PASS AC2_UNIT_COORD=PASS independent D=[2, 1, 3] production D=[2, 1, 3] MATCH
    rational_prime=3 prime_ideal=[3, [-1, 1]~, 1, 1, [0, -31685223; 1, 1]] residue(u)=1 residue(+1)=1 residue(-1)=2 unit_coordinates=[0]~
  input e_3: AC1_COMPACT_DIVISOR=PASS AC2_UNIT_STATUS=PASS AC2_MODULAR_SIGN=PASS AC2_UNIT_COORD=PASS independent D=[2, 0, 3] production D=[2, 0, 3] MATCH
    rational_prime=3 prime_ideal=[3, [-1, 1]~, 1, 1, [0, -31685223; 1, 1]] residue(u)=1 residue(+1)=1 residue(-1)=2 unit_coordinates=[0]~
CHARACTER_DONE index=5 D_t=[1, 2, 2; 2, 1, 0; 4, 3, 3]
	Command being timed: "/home/denis/massey/Massey-pari/parallelization/character_driver 5 s^2-s+31685223 5 work/D-126740891/mat-5.gp"
	User time (seconds): 5092.15
	System time (seconds): 19.95
	Percent of CPU this job got: 99%
	Elapsed (wall clock) time (h:mm:ss or m:ss): 1:25:13
	Average shared text size (kbytes): 0
	Average unshared data size (kbytes): 0
	Average stack size (kbytes): 0
	Average total size (kbytes): 0
	Maximum resident set size (kbytes): 5357580
	Average resident set size (kbytes): 0
	Major (requiring I/O) page faults: 3
	Minor (reclaiming a frame) page faults: 7874294
	Voluntary context switches: 22
	Involuntary context switches: 18107
	Swaps: 0
	File system inputs: 5160
	File system outputs: 152
	Socket messages sent: 0
	Socket messages received: 0
	Signals delivered: 0
	Page size (bytes): 4096
	Exit status: 0
==== character 6 ====
CHARACTER_DRIVER index=6 D=-126740891
BASE_BNF_CERTIFIED
prescribed t = [0, 1, 1]

MASSEY_ARITHMETIC_AUDIT character certificate
  prescribed t = [0, 1, 1]
  chi = [0, 1, 1]
  H = [1, 0, 0; 0, 5, 4; 0, 0, 1]
  det(H) = 5; [Cl(K):H] = 5
  class-field modulus = 1 (ordinary class group)
  relative degree = 5; disc(L) = disc(K)^5 = -32702712747749782807590109322163540265451; finite-unramified=PASS
  H column 1: t(h)=0 PASS
  H column 2: t(h)=0 PASS
  H column 3: t(h)=0 PASS
  A=[0, 4, 4] lambda=4 u=1 lambda/u=4 sigma_t/sigma_Artin=4
  generator g_1: Artin exponent A_i=0; relative to sigma_t=0; prescribed t_i=0 PASS
  generator g_2: Artin exponent A_i=4; relative to sigma_t=1; prescribed t_i=1 PASS
  generator g_3: Artin exponent A_i=4; relative to sigma_t=1; prescribed t_i=1 PASS
  direct AC and independent norm-class checks
  input e_1: AC1_COMPACT_DIVISOR=PASS AC2_UNIT_STATUS=PASS AC2_MODULAR_SIGN=PASS AC2_UNIT_COORD=PASS independent D=[1, 0, 0] production D=[1, 0, 0] MATCH
    rational_prime=5 prime_ideal=[5, [3, 1]~, 1, 1, [1, -31685223; 1, 2]] residue(u)=1 residue(+1)=1 residue(-1)=4 unit_coordinates=[0]~
  input e_2: AC1_COMPACT_DIVISOR=PASS AC2_UNIT_STATUS=PASS AC2_MODULAR_SIGN=PASS AC2_UNIT_COORD=PASS independent D=[4, 1, 4] production D=[4, 1, 4] MATCH
    rational_prime=5 prime_ideal=[5, [-4, 1]~, 1, 1, [-2, -31685223; 1, -1]] residue(u)=1 residue(+1)=1 residue(-1)=4 unit_coordinates=[0]~
  input e_3: AC1_COMPACT_DIVISOR=PASS AC2_UNIT_STATUS=PASS AC2_MODULAR_SIGN=PASS AC2_UNIT_COORD=PASS independent D=[3, 1, 4] production D=[3, 1, 4] MATCH
    rational_prime=5 prime_ideal=[5, [-4, 1]~, 1, 1, [-2, -31685223; 1, -1]] residue(u)=1 residue(+1)=1 residue(-1)=4 unit_coordinates=[0]~
CHARACTER_DONE index=6 D_t=[1, 4, 3; 0, 1, 1; 0, 4, 4]
	Command being timed: "/home/denis/massey/Massey-pari/parallelization/character_driver 5 s^2-s+31685223 6 work/D-126740891/mat-6.gp"
	User time (seconds): 519.54
	System time (seconds): 0.57
	Percent of CPU this job got: 99%
	Elapsed (wall clock) time (h:mm:ss or m:ss): 8:41.17
	Average shared text size (kbytes): 0
	Average unshared data size (kbytes): 0
	Average stack size (kbytes): 0
	Average total size (kbytes): 0
	Maximum resident set size (kbytes): 437664
	Average resident set size (kbytes): 0
	Major (requiring I/O) page faults: 0
	Minor (reclaiming a frame) page faults: 173128
	Voluntary context switches: 20
	Involuntary context switches: 1078
	Swaps: 0
	File system inputs: 0
	File system outputs: 136
	Socket messages sent: 0
	Socket messages received: 0
	Signals delivered: 0
	Page size (bytes): 4096
	Exit status: 0
==== finish ====
BASE_BNF_CERTIFIED
P_CLASS_RANK 3
SECONDARY_NORMS COLLECTED
MASSEY_RANK 3
MILD UNKNOWN
RESULT_WRITTEN work/D-126740891/result.gp
