==== character 1 ====
[2026-07-30 03:01:27] CHARACTER_DRIVER index=1 D=-123482119
[2026-07-30 03:01:27] BASE_BNF_CERTIFIED
[2026-07-30 03:01:27] prescribed t = [1, 0, 0]
[2026-07-30 03:14:44] 
[2026-07-30 03:14:44] MASSEY_ARITHMETIC_AUDIT character certificate
[2026-07-30 03:14:44]   prescribed t = [1, 0, 0]
[2026-07-30 03:14:44]   chi = [54, 0, 0]
[2026-07-30 03:14:44]   H = [5, 0, 0; 0, 1, 0; 0, 0, 1]
[2026-07-30 03:14:44]   det(H) = 5; [Cl(K):H] = 5
[2026-07-30 03:14:44]   class-field modulus = 1 (ordinary class group)
[2026-07-30 03:14:44]   relative degree = 5; disc(L) = disc(K)^5 = -28709152198269959606219460150427188146599; finite-unramified=PASS
[2026-07-30 03:14:44]   H column 1: t(h)=0 PASS
[2026-07-30 03:14:44]   H column 2: t(h)=0 PASS
[2026-07-30 03:14:44]   H column 3: t(h)=0 PASS
[2026-07-30 03:14:44]   A=[2, 0, 0] lambda=2 u=1 lambda/u=2 sigma_t/sigma_Artin=2
[2026-07-30 03:14:44]   generator g_1: Artin exponent A_i=2; relative to sigma_t=1; prescribed t_i=1 PASS
[2026-07-30 03:14:44]   generator g_2: Artin exponent A_i=0; relative to sigma_t=0; prescribed t_i=0 PASS
[2026-07-30 03:14:44]   generator g_3: Artin exponent A_i=0; relative to sigma_t=0; prescribed t_i=0 PASS
[2026-07-30 03:14:44]   direct AC and independent norm-class checks
[2026-07-30 03:14:44]   input e_1: AC1_COMPACT_DIVISOR=PASS AC2_UNIT_STATUS=PASS AC2_MODULAR_SIGN=PASS AC2_UNIT_COORD=PASS independent D=[0, 4, 2] production D=[0, 4, 2] MATCH
[2026-07-30 03:14:44]     rational_prime=5 prime_ideal=[5, [-1, 1]~, 1, 1, [0, -30870530; 1, 1]] residue(u)=1 residue(+1)=1 residue(-1)=4 unit_coordinates=[0]~
[2026-07-30 03:14:44]   input e_2: AC1_COMPACT_DIVISOR=PASS AC2_UNIT_STATUS=PASS AC2_MODULAR_SIGN=PASS AC2_UNIT_COORD=PASS independent D=[0, 0, 3] production D=[0, 0, 3] MATCH
[2026-07-30 03:14:44]     rational_prime=3 prime_ideal=[3, [3, 0]~, 1, 2, 1] residue(u)=1 residue(+1)=1 residue(-1)=2 unit_coordinates=[0]~
[2026-07-30 03:14:44]   input e_3: AC1_COMPACT_DIVISOR=PASS AC2_UNIT_STATUS=PASS AC2_MODULAR_SIGN=PASS AC2_UNIT_COORD=PASS independent D=[0, 4, 1] production D=[0, 4, 1] MATCH
[2026-07-30 03:14:44]     rational_prime=5 prime_ideal=[5, [-1, 1]~, 1, 1, [0, -30870530; 1, 1]] residue(u)=1 residue(+1)=1 residue(-1)=4 unit_coordinates=[0]~
[2026-07-30 03:14:44] CHARACTER_DONE index=1 D_t=[0, 0, 0; 4, 0, 4; 2, 3, 1]
[2026-07-30 03:14:44] 	Command being timed: "/home/denis/massey/Massey-pari/parallelization/character_driver 5 s^2-s+30870530 1 work/D-123482119/mat-1.gp"
[2026-07-30 03:14:44] 	User time (seconds): 796.12
[2026-07-30 03:14:44] 	System time (seconds): 1.10
[2026-07-30 03:14:44] 	Percent of CPU this job got: 99%
[2026-07-30 03:14:44] 	Elapsed (wall clock) time (h:mm:ss or m:ss): 13:17.34
[2026-07-30 03:14:44] 	Average shared text size (kbytes): 0
[2026-07-30 03:14:44] 	Average unshared data size (kbytes): 0
[2026-07-30 03:14:44] 	Average stack size (kbytes): 0
[2026-07-30 03:14:44] 	Average total size (kbytes): 0
[2026-07-30 03:14:44] 	Maximum resident set size (kbytes): 867832
[2026-07-30 03:14:44] 	Average resident set size (kbytes): 0
[2026-07-30 03:14:44] 	Major (requiring I/O) page faults: 2
[2026-07-30 03:14:44] 	Minor (reclaiming a frame) page faults: 421524
[2026-07-30 03:14:44] 	Voluntary context switches: 37
[2026-07-30 03:14:44] 	Involuntary context switches: 298
[2026-07-30 03:14:44] 	Swaps: 0
[2026-07-30 03:14:44] 	File system inputs: 2552
[2026-07-30 03:14:44] 	File system outputs: 24
[2026-07-30 03:14:44] 	Socket messages sent: 0
[2026-07-30 03:14:44] 	Socket messages received: 0
[2026-07-30 03:14:44] 	Signals delivered: 0
[2026-07-30 03:14:44] 	Page size (bytes): 4096
[2026-07-30 03:14:44] 	Exit status: 0
==== character 2 ====
[2026-07-30 03:01:27] CHARACTER_DRIVER index=2 D=-123482119
[2026-07-30 03:01:27] BASE_BNF_CERTIFIED
[2026-07-30 03:01:27] prescribed t = [0, 1, 0]
[2026-07-30 03:14:56] 
[2026-07-30 03:14:56] MASSEY_ARITHMETIC_AUDIT character certificate
[2026-07-30 03:14:56]   prescribed t = [0, 1, 0]
[2026-07-30 03:14:56]   chi = [0, 1, 0]
[2026-07-30 03:14:56]   H = [1, 0, 0; 0, 5, 0; 0, 0, 1]
[2026-07-30 03:14:56]   det(H) = 5; [Cl(K):H] = 5
[2026-07-30 03:14:56]   class-field modulus = 1 (ordinary class group)
[2026-07-30 03:14:56]   relative degree = 5; disc(L) = disc(K)^5 = -28709152198269959606219460150427188146599; finite-unramified=PASS
[2026-07-30 03:14:56]   H column 1: t(h)=0 PASS
[2026-07-30 03:14:56]   H column 2: t(h)=0 PASS
[2026-07-30 03:14:56]   H column 3: t(h)=0 PASS
[2026-07-30 03:14:56]   A=[0, 3, 0] lambda=3 u=1 lambda/u=3 sigma_t/sigma_Artin=3
[2026-07-30 03:14:56]   generator g_1: Artin exponent A_i=0; relative to sigma_t=0; prescribed t_i=0 PASS
[2026-07-30 03:14:56]   generator g_2: Artin exponent A_i=3; relative to sigma_t=1; prescribed t_i=1 PASS
[2026-07-30 03:14:56]   generator g_3: Artin exponent A_i=0; relative to sigma_t=0; prescribed t_i=0 PASS
[2026-07-30 03:14:56]   direct AC and independent norm-class checks
[2026-07-30 03:14:56]   input e_1: AC1_COMPACT_DIVISOR=PASS AC2_UNIT_STATUS=PASS AC2_MODULAR_SIGN=PASS AC2_UNIT_COORD=PASS independent D=[0, 0, 2] production D=[0, 0, 2] MATCH
[2026-07-30 03:14:56]     rational_prime=3 prime_ideal=[3, [3, 0]~, 1, 2, 1] residue(u)=1 residue(+1)=1 residue(-1)=2 unit_coordinates=[0]~
[2026-07-30 03:14:56]   input e_2: AC1_COMPACT_DIVISOR=PASS AC2_UNIT_STATUS=PASS AC2_MODULAR_SIGN=PASS AC2_UNIT_COORD=PASS independent D=[0, 0, 4] production D=[0, 0, 4] MATCH
[2026-07-30 03:14:56]     rational_prime=3 prime_ideal=[3, [3, 0]~, 1, 2, 1] residue(u)=1 residue(+1)=1 residue(-1)=2 unit_coordinates=[0]~
[2026-07-30 03:14:56]   input e_3: AC1_COMPACT_DIVISOR=PASS AC2_UNIT_STATUS=PASS AC2_MODULAR_SIGN=PASS AC2_UNIT_COORD=PASS independent D=[0, 0, 3] production D=[0, 0, 3] MATCH
[2026-07-30 03:14:56]     rational_prime=5 prime_ideal=[5, [-1, 1]~, 1, 1, [0, -30870530; 1, 1]] residue(u)=1 residue(+1)=1 residue(-1)=4 unit_coordinates=[0]~
[2026-07-30 03:14:56] CHARACTER_DONE index=2 D_t=[0, 0, 0; 0, 0, 0; 2, 4, 3]
[2026-07-30 03:14:56] 	Command being timed: "/home/denis/massey/Massey-pari/parallelization/character_driver 5 s^2-s+30870530 2 work/D-123482119/mat-2.gp"
[2026-07-30 03:14:56] 	User time (seconds): 808.11
[2026-07-30 03:14:56] 	System time (seconds): 1.52
[2026-07-30 03:14:56] 	Percent of CPU this job got: 100%
[2026-07-30 03:14:56] 	Elapsed (wall clock) time (h:mm:ss or m:ss): 13:29.42
[2026-07-30 03:14:56] 	Average shared text size (kbytes): 0
[2026-07-30 03:14:56] 	Average unshared data size (kbytes): 0
[2026-07-30 03:14:56] 	Average stack size (kbytes): 0
[2026-07-30 03:14:56] 	Average total size (kbytes): 0
[2026-07-30 03:14:56] 	Maximum resident set size (kbytes): 988740
[2026-07-30 03:14:56] 	Average resident set size (kbytes): 0
[2026-07-30 03:14:56] 	Major (requiring I/O) page faults: 2
[2026-07-30 03:14:56] 	Minor (reclaiming a frame) page faults: 618531
[2026-07-30 03:14:56] 	Voluntary context switches: 28
[2026-07-30 03:14:56] 	Involuntary context switches: 313
[2026-07-30 03:14:56] 	Swaps: 0
[2026-07-30 03:14:56] 	File system inputs: 2424
[2026-07-30 03:14:56] 	File system outputs: 32
[2026-07-30 03:14:56] 	Socket messages sent: 0
[2026-07-30 03:14:56] 	Socket messages received: 0
[2026-07-30 03:14:56] 	Signals delivered: 0
[2026-07-30 03:14:56] 	Page size (bytes): 4096
[2026-07-30 03:14:56] 	Exit status: 0
==== character 3 ====
[2026-07-30 03:01:27] CHARACTER_DRIVER index=3 D=-123482119
[2026-07-30 03:01:27] BASE_BNF_CERTIFIED
[2026-07-30 03:01:27] prescribed t = [0, 0, 1]
[2026-07-30 03:14:33] 
[2026-07-30 03:14:33] MASSEY_ARITHMETIC_AUDIT character certificate
[2026-07-30 03:14:33]   prescribed t = [0, 0, 1]
[2026-07-30 03:14:33]   chi = [0, 0, 1]
[2026-07-30 03:14:33]   H = [1, 0, 0; 0, 1, 0; 0, 0, 5]
[2026-07-30 03:14:33]   det(H) = 5; [Cl(K):H] = 5
[2026-07-30 03:14:33]   class-field modulus = 1 (ordinary class group)
[2026-07-30 03:14:33]   relative degree = 5; disc(L) = disc(K)^5 = -28709152198269959606219460150427188146599; finite-unramified=PASS
[2026-07-30 03:14:33]   H column 1: t(h)=0 PASS
[2026-07-30 03:14:33]   H column 2: t(h)=0 PASS
[2026-07-30 03:14:33]   H column 3: t(h)=0 PASS
[2026-07-30 03:14:33]   A=[0, 0, 1] lambda=1 u=1 lambda/u=1 sigma_t/sigma_Artin=1
[2026-07-30 03:14:33]   generator g_1: Artin exponent A_i=0; relative to sigma_t=0; prescribed t_i=0 PASS
[2026-07-30 03:14:33]   generator g_2: Artin exponent A_i=0; relative to sigma_t=0; prescribed t_i=0 PASS
[2026-07-30 03:14:33]   generator g_3: Artin exponent A_i=1; relative to sigma_t=1; prescribed t_i=1 PASS
[2026-07-30 03:14:33]   direct AC and independent norm-class checks
[2026-07-30 03:14:35]   input e_1: AC1_COMPACT_DIVISOR=PASS AC2_UNIT_STATUS=PASS AC2_MODULAR_SIGN=PASS AC2_UNIT_COORD=PASS independent D=[3, 0, 0] production D=[3, 0, 0] MATCH
[2026-07-30 03:14:35]     rational_prime=7 prime_ideal=[7, [-2, 1]~, 1, 1, [1, -30870530; 1, 2]] residue(u)=1 residue(+1)=1 residue(-1)=6 unit_coordinates=[0]~
[2026-07-30 03:14:36]   input e_2: AC1_COMPACT_DIVISOR=PASS AC2_UNIT_STATUS=PASS AC2_MODULAR_SIGN=PASS AC2_UNIT_COORD=PASS independent D=[1, 0, 0] production D=[1, 0, 0] MATCH
[2026-07-30 03:14:36]     rational_prime=7 prime_ideal=[7, [-2, 1]~, 1, 1, [1, -30870530; 1, 2]] residue(u)=1 residue(+1)=1 residue(-1)=6 unit_coordinates=[0]~
[2026-07-30 03:14:37]   input e_3: AC1_COMPACT_DIVISOR=PASS AC2_UNIT_STATUS=PASS AC2_MODULAR_SIGN=PASS AC2_UNIT_COORD=PASS independent D=[0, 1, 0] production D=[0, 1, 0] MATCH
[2026-07-30 03:14:37]     rational_prime=7 prime_ideal=[7, [-2, 1]~, 1, 1, [1, -30870530; 1, 2]] residue(u)=1 residue(+1)=1 residue(-1)=6 unit_coordinates=[0]~
[2026-07-30 03:14:37] CHARACTER_DONE index=3 D_t=[3, 1, 0; 0, 0, 1; 0, 0, 0]
[2026-07-30 03:14:38] 	Command being timed: "/home/denis/massey/Massey-pari/parallelization/character_driver 5 s^2-s+30870530 3 work/D-123482119/mat-3.gp"
[2026-07-30 03:14:38] 	User time (seconds): 789.50
[2026-07-30 03:14:38] 	System time (seconds): 0.90
[2026-07-30 03:14:38] 	Percent of CPU this job got: 99%
[2026-07-30 03:14:38] 	Elapsed (wall clock) time (h:mm:ss or m:ss): 13:10.73
[2026-07-30 03:14:38] 	Average shared text size (kbytes): 0
[2026-07-30 03:14:38] 	Average unshared data size (kbytes): 0
[2026-07-30 03:14:38] 	Average stack size (kbytes): 0
[2026-07-30 03:14:38] 	Average total size (kbytes): 0
[2026-07-30 03:14:38] 	Maximum resident set size (kbytes): 640728
[2026-07-30 03:14:38] 	Average resident set size (kbytes): 0
[2026-07-30 03:14:38] 	Major (requiring I/O) page faults: 5
[2026-07-30 03:14:38] 	Minor (reclaiming a frame) page faults: 363405
[2026-07-30 03:14:38] 	Voluntary context switches: 19
[2026-07-30 03:14:38] 	Involuntary context switches: 1010
[2026-07-30 03:14:38] 	Swaps: 0
[2026-07-30 03:14:38] 	File system inputs: 6456
[2026-07-30 03:14:38] 	File system outputs: 120
[2026-07-30 03:14:38] 	Socket messages sent: 0
[2026-07-30 03:14:38] 	Socket messages received: 0
[2026-07-30 03:14:38] 	Signals delivered: 0
[2026-07-30 03:14:38] 	Page size (bytes): 4096
[2026-07-30 03:14:38] 	Exit status: 0
==== character 4 ====
[2026-07-30 03:01:27] CHARACTER_DRIVER index=4 D=-123482119
[2026-07-30 03:01:27] BASE_BNF_CERTIFIED
[2026-07-30 03:01:27] prescribed t = [1, 1, 0]
[2026-07-30 03:15:02] 
[2026-07-30 03:15:02] MASSEY_ARITHMETIC_AUDIT character certificate
[2026-07-30 03:15:02]   prescribed t = [1, 1, 0]
[2026-07-30 03:15:02]   chi = [54, 1, 0]
[2026-07-30 03:15:02]   H = [5, 4, 0; 0, 1, 0; 0, 0, 1]
[2026-07-30 03:15:02]   det(H) = 5; [Cl(K):H] = 5
[2026-07-30 03:15:02]   class-field modulus = 1 (ordinary class group)
[2026-07-30 03:15:02]   relative degree = 5; disc(L) = disc(K)^5 = -28709152198269959606219460150427188146599; finite-unramified=PASS
[2026-07-30 03:15:02]   H column 1: t(h)=0 PASS
[2026-07-30 03:15:02]   H column 2: t(h)=0 PASS
[2026-07-30 03:15:02]   H column 3: t(h)=0 PASS
[2026-07-30 03:15:02]   A=[2, 2, 0] lambda=2 u=1 lambda/u=2 sigma_t/sigma_Artin=2
[2026-07-30 03:15:02]   generator g_1: Artin exponent A_i=2; relative to sigma_t=1; prescribed t_i=1 PASS
[2026-07-30 03:15:02]   generator g_2: Artin exponent A_i=2; relative to sigma_t=1; prescribed t_i=1 PASS
[2026-07-30 03:15:02]   generator g_3: Artin exponent A_i=0; relative to sigma_t=0; prescribed t_i=0 PASS
[2026-07-30 03:15:02]   direct AC and independent norm-class checks
[2026-07-30 03:15:06]   input e_1: AC1_COMPACT_DIVISOR=PASS AC2_UNIT_STATUS=PASS AC2_MODULAR_SIGN=PASS AC2_UNIT_COORD=PASS independent D=[1, 4, 2] production D=[1, 4, 2] MATCH
[2026-07-30 03:15:06]     rational_prime=7 prime_ideal=[7, [-2, 1]~, 1, 1, [1, -30870530; 1, 2]] residue(u)=1 residue(+1)=1 residue(-1)=6 unit_coordinates=[0]~
[2026-07-30 03:15:09]   input e_2: AC1_COMPACT_DIVISOR=PASS AC2_UNIT_STATUS=PASS AC2_MODULAR_SIGN=PASS AC2_UNIT_COORD=PASS independent D=[0, 0, 2] production D=[0, 0, 2] MATCH
[2026-07-30 03:15:09]     rational_prime=7 prime_ideal=[7, [-2, 1]~, 1, 1, [1, -30870530; 1, 2]] residue(u)=1 residue(+1)=1 residue(-1)=6 unit_coordinates=[0]~
[2026-07-30 03:15:12]   input e_3: AC1_COMPACT_DIVISOR=PASS AC2_UNIT_STATUS=PASS AC2_MODULAR_SIGN=PASS AC2_UNIT_COORD=PASS independent D=[1, 4, 0] production D=[1, 4, 0] MATCH
[2026-07-30 03:15:12]     rational_prime=7 prime_ideal=[7, [-2, 1]~, 1, 1, [1, -30870530; 1, 2]] residue(u)=1 residue(+1)=1 residue(-1)=6 unit_coordinates=[0]~
[2026-07-30 03:15:12] CHARACTER_DONE index=4 D_t=[1, 0, 1; 4, 0, 4; 2, 2, 0]
[2026-07-30 03:15:12] 	Command being timed: "/home/denis/massey/Massey-pari/parallelization/character_driver 5 s^2-s+30870530 4 work/D-123482119/mat-4.gp"
[2026-07-30 03:15:12] 	User time (seconds): 823.54
[2026-07-30 03:15:12] 	System time (seconds): 1.72
[2026-07-30 03:15:12] 	Percent of CPU this job got: 99%
[2026-07-30 03:15:12] 	Elapsed (wall clock) time (h:mm:ss or m:ss): 13:45.51
[2026-07-30 03:15:12] 	Average shared text size (kbytes): 0
[2026-07-30 03:15:12] 	Average unshared data size (kbytes): 0
[2026-07-30 03:15:12] 	Average stack size (kbytes): 0
[2026-07-30 03:15:12] 	Average total size (kbytes): 0
[2026-07-30 03:15:12] 	Maximum resident set size (kbytes): 1106812
[2026-07-30 03:15:12] 	Average resident set size (kbytes): 0
[2026-07-30 03:15:12] 	Major (requiring I/O) page faults: 2
[2026-07-30 03:15:12] 	Minor (reclaiming a frame) page faults: 752296
[2026-07-30 03:15:12] 	Voluntary context switches: 38
[2026-07-30 03:15:12] 	Involuntary context switches: 984
[2026-07-30 03:15:12] 	Swaps: 0
[2026-07-30 03:15:12] 	File system inputs: 288
[2026-07-30 03:15:12] 	File system outputs: 528
[2026-07-30 03:15:12] 	Socket messages sent: 0
[2026-07-30 03:15:12] 	Socket messages received: 0
[2026-07-30 03:15:12] 	Signals delivered: 0
[2026-07-30 03:15:12] 	Page size (bytes): 4096
[2026-07-30 03:15:12] 	Exit status: 0
==== character 5 ====
[2026-07-30 03:01:27] CHARACTER_DRIVER index=5 D=-123482119
[2026-07-30 03:01:27] BASE_BNF_CERTIFIED
[2026-07-30 03:01:27] prescribed t = [1, 0, 1]
[2026-07-30 03:14:46] 
[2026-07-30 03:14:46] MASSEY_ARITHMETIC_AUDIT character certificate
[2026-07-30 03:14:46]   prescribed t = [1, 0, 1]
[2026-07-30 03:14:46]   chi = [54, 0, 1]
[2026-07-30 03:14:46]   H = [5, 0, 4; 0, 1, 0; 0, 0, 1]
[2026-07-30 03:14:46]   det(H) = 5; [Cl(K):H] = 5
[2026-07-30 03:14:46]   class-field modulus = 1 (ordinary class group)
[2026-07-30 03:14:46]   relative degree = 5; disc(L) = disc(K)^5 = -28709152198269959606219460150427188146599; finite-unramified=PASS
[2026-07-30 03:14:46]   H column 1: t(h)=0 PASS
[2026-07-30 03:14:46]   H column 2: t(h)=0 PASS
[2026-07-30 03:14:46]   H column 3: t(h)=0 PASS
[2026-07-30 03:14:46]   A=[3, 0, 3] lambda=3 u=1 lambda/u=3 sigma_t/sigma_Artin=3
[2026-07-30 03:14:46]   generator g_1: Artin exponent A_i=3; relative to sigma_t=1; prescribed t_i=1 PASS
[2026-07-30 03:14:46]   generator g_2: Artin exponent A_i=0; relative to sigma_t=0; prescribed t_i=0 PASS
[2026-07-30 03:14:46]   generator g_3: Artin exponent A_i=3; relative to sigma_t=1; prescribed t_i=1 PASS
[2026-07-30 03:14:46]   direct AC and independent norm-class checks
[2026-07-30 03:14:47]   input e_1: AC1_COMPACT_DIVISOR=PASS AC2_UNIT_STATUS=PASS AC2_MODULAR_SIGN=PASS AC2_UNIT_COORD=PASS independent D=[1, 1, 4] production D=[1, 1, 4] MATCH
[2026-07-30 03:14:47]     rational_prime=7 prime_ideal=[7, [-2, 1]~, 1, 1, [1, -30870530; 1, 2]] residue(u)=1 residue(+1)=1 residue(-1)=6 unit_coordinates=[0]~
[2026-07-30 03:14:49]   input e_2: AC1_COMPACT_DIVISOR=PASS AC2_UNIT_STATUS=PASS AC2_MODULAR_SIGN=PASS AC2_UNIT_COORD=PASS independent D=[3, 0, 2] production D=[3, 0, 2] MATCH
[2026-07-30 03:14:49]     rational_prime=7 prime_ideal=[7, [-2, 1]~, 1, 1, [1, -30870530; 1, 2]] residue(u)=1 residue(+1)=1 residue(-1)=6 unit_coordinates=[0]~
[2026-07-30 03:14:50]   input e_3: AC1_COMPACT_DIVISOR=PASS AC2_UNIT_STATUS=PASS AC2_MODULAR_SIGN=PASS AC2_UNIT_COORD=PASS independent D=[4, 2, 1] production D=[4, 2, 1] MATCH
[2026-07-30 03:14:50]     rational_prime=7 prime_ideal=[7, [-2, 1]~, 1, 1, [1, -30870530; 1, 2]] residue(u)=1 residue(+1)=1 residue(-1)=6 unit_coordinates=[0]~
[2026-07-30 03:14:50] CHARACTER_DONE index=5 D_t=[1, 3, 4; 1, 0, 2; 4, 2, 1]
[2026-07-30 03:14:50] 	Command being timed: "/home/denis/massey/Massey-pari/parallelization/character_driver 5 s^2-s+30870530 5 work/D-123482119/mat-5.gp"
[2026-07-30 03:14:50] 	User time (seconds): 802.34
[2026-07-30 03:14:50] 	System time (seconds): 0.94
[2026-07-30 03:14:50] 	Percent of CPU this job got: 100%
[2026-07-30 03:14:50] 	Elapsed (wall clock) time (h:mm:ss or m:ss): 13:23.24
[2026-07-30 03:14:50] 	Average shared text size (kbytes): 0
[2026-07-30 03:14:50] 	Average unshared data size (kbytes): 0
[2026-07-30 03:14:50] 	Average stack size (kbytes): 0
[2026-07-30 03:14:50] 	Average total size (kbytes): 0
[2026-07-30 03:14:50] 	Maximum resident set size (kbytes): 641036
[2026-07-30 03:14:50] 	Average resident set size (kbytes): 0
[2026-07-30 03:14:50] 	Major (requiring I/O) page faults: 1
[2026-07-30 03:14:50] 	Minor (reclaiming a frame) page faults: 363544
[2026-07-30 03:14:50] 	Voluntary context switches: 28
[2026-07-30 03:14:50] 	Involuntary context switches: 280
[2026-07-30 03:14:50] 	Swaps: 0
[2026-07-30 03:14:50] 	File system inputs: 0
[2026-07-30 03:14:50] 	File system outputs: 192
[2026-07-30 03:14:50] 	Socket messages sent: 0
[2026-07-30 03:14:50] 	Socket messages received: 0
[2026-07-30 03:14:50] 	Signals delivered: 0
[2026-07-30 03:14:50] 	Page size (bytes): 4096
[2026-07-30 03:14:50] 	Exit status: 0
==== character 6 ====
[2026-07-30 03:01:27] CHARACTER_DRIVER index=6 D=-123482119
[2026-07-30 03:01:27] BASE_BNF_CERTIFIED
[2026-07-30 03:01:27] prescribed t = [0, 1, 1]
[2026-07-30 03:14:49] 
[2026-07-30 03:14:49] MASSEY_ARITHMETIC_AUDIT character certificate
[2026-07-30 03:14:49]   prescribed t = [0, 1, 1]
[2026-07-30 03:14:49]   chi = [0, 1, 1]
[2026-07-30 03:14:49]   H = [1, 0, 0; 0, 5, 4; 0, 0, 1]
[2026-07-30 03:14:49]   det(H) = 5; [Cl(K):H] = 5
[2026-07-30 03:14:49]   class-field modulus = 1 (ordinary class group)
[2026-07-30 03:14:49]   relative degree = 5; disc(L) = disc(K)^5 = -28709152198269959606219460150427188146599; finite-unramified=PASS
[2026-07-30 03:14:49]   H column 1: t(h)=0 PASS
[2026-07-30 03:14:49]   H column 2: t(h)=0 PASS
[2026-07-30 03:14:49]   H column 3: t(h)=0 PASS
[2026-07-30 03:14:49]   A=[0, 2, 2] lambda=2 u=1 lambda/u=2 sigma_t/sigma_Artin=2
[2026-07-30 03:14:49]   generator g_1: Artin exponent A_i=0; relative to sigma_t=0; prescribed t_i=0 PASS
[2026-07-30 03:14:49]   generator g_2: Artin exponent A_i=2; relative to sigma_t=1; prescribed t_i=1 PASS
[2026-07-30 03:14:49]   generator g_3: Artin exponent A_i=2; relative to sigma_t=1; prescribed t_i=1 PASS
[2026-07-30 03:14:49]   direct AC and independent norm-class checks
[2026-07-30 03:14:50]   input e_1: AC1_COMPACT_DIVISOR=PASS AC2_UNIT_STATUS=PASS AC2_MODULAR_SIGN=PASS AC2_UNIT_COORD=PASS independent D=[3, 3, 2] production D=[3, 3, 2] MATCH
[2026-07-30 03:14:50]     rational_prime=5 prime_ideal=[5, [-1, 1]~, 1, 1, [0, -30870530; 1, 1]] residue(u)=1 residue(+1)=1 residue(-1)=4 unit_coordinates=[0]~
[2026-07-30 03:14:51]   input e_2: AC1_COMPACT_DIVISOR=PASS AC2_UNIT_STATUS=PASS AC2_MODULAR_SIGN=PASS AC2_UNIT_COORD=PASS independent D=[1, 1, 4] production D=[1, 1, 4] MATCH
[2026-07-30 03:14:51]     rational_prime=5 prime_ideal=[5, [-1, 1]~, 1, 1, [0, -30870530; 1, 1]] residue(u)=1 residue(+1)=1 residue(-1)=4 unit_coordinates=[0]~
[2026-07-30 03:14:52]   input e_3: AC1_COMPACT_DIVISOR=PASS AC2_UNIT_STATUS=PASS AC2_MODULAR_SIGN=PASS AC2_UNIT_COORD=PASS independent D=[2, 3, 2] production D=[2, 3, 2] MATCH
[2026-07-30 03:14:52]     rational_prime=5 prime_ideal=[5, [-1, 1]~, 1, 1, [0, -30870530; 1, 1]] residue(u)=1 residue(+1)=1 residue(-1)=4 unit_coordinates=[0]~
[2026-07-30 03:14:52] CHARACTER_DONE index=6 D_t=[3, 1, 2; 3, 1, 3; 2, 4, 2]
[2026-07-30 03:14:52] 	Command being timed: "/home/denis/massey/Massey-pari/parallelization/character_driver 5 s^2-s+30870530 6 work/D-123482119/mat-6.gp"
[2026-07-30 03:14:52] 	User time (seconds): 804.34
[2026-07-30 03:14:52] 	System time (seconds): 0.96
[2026-07-30 03:14:52] 	Percent of CPU this job got: 100%
[2026-07-30 03:14:52] 	Elapsed (wall clock) time (h:mm:ss or m:ss): 13:25.22
[2026-07-30 03:14:52] 	Average shared text size (kbytes): 0
[2026-07-30 03:14:52] 	Average unshared data size (kbytes): 0
[2026-07-30 03:14:52] 	Average stack size (kbytes): 0
[2026-07-30 03:14:52] 	Average total size (kbytes): 0
[2026-07-30 03:14:52] 	Maximum resident set size (kbytes): 640560
[2026-07-30 03:14:52] 	Average resident set size (kbytes): 0
[2026-07-30 03:14:52] 	Major (requiring I/O) page faults: 0
[2026-07-30 03:14:52] 	Minor (reclaiming a frame) page faults: 363464
[2026-07-30 03:14:52] 	Voluntary context switches: 26
[2026-07-30 03:14:52] 	Involuntary context switches: 1049
[2026-07-30 03:14:52] 	Swaps: 0
[2026-07-30 03:14:52] 	File system inputs: 120
[2026-07-30 03:14:52] 	File system outputs: 96
[2026-07-30 03:14:52] 	Socket messages sent: 0
[2026-07-30 03:14:52] 	Socket messages received: 0
[2026-07-30 03:14:52] 	Signals delivered: 0
[2026-07-30 03:14:52] 	Page size (bytes): 4096
[2026-07-30 03:14:52] 	Exit status: 0
==== finish ====
BASE_BNF_CERTIFIED
P_CLASS_RANK 3
SECONDARY_NORMS COLLECTED
MASSEY_RANK 3
STRONG_FREENESS PASS
LEADING_WORDS ["bba", "bcc", "bca"]
MILD PASS
RESULT_WRITTEN work/D-123482119/result.gp
