==== character 1 ====
[2026-07-30 03:27:16] CHARACTER_DRIVER index=1 D=-89017304
[2026-07-30 03:27:16] BASE_BNF_CERTIFIED
[2026-07-30 03:27:16] prescribed t = [1, 0, 0]
[2026-07-30 03:35:12] 
[2026-07-30 03:35:12] MASSEY_ARITHMETIC_AUDIT character certificate
[2026-07-30 03:35:12]   prescribed t = [1, 0, 0]
[2026-07-30 03:35:12]   chi = [34, 0, 0]
[2026-07-30 03:35:12]   H = [5, 0, 0; 0, 1, 0; 0, 0, 1]
[2026-07-30 03:35:12]   det(H) = 5; [Cl(K):H] = 5
[2026-07-30 03:35:12]   class-field modulus = 1 (ordinary class group)
[2026-07-30 03:35:12]   relative degree = 5; disc(L) = disc(K)^5 = -5589490018979281400605741859368207745024; finite-unramified=PASS
[2026-07-30 03:35:12]   H column 1: t(h)=0 PASS
[2026-07-30 03:35:12]   H column 2: t(h)=0 PASS
[2026-07-30 03:35:12]   H column 3: t(h)=0 PASS
[2026-07-30 03:35:12]   A=[1, 0, 0] lambda=1 u=1 lambda/u=1 sigma_t/sigma_Artin=1
[2026-07-30 03:35:12]   generator g_1: Artin exponent A_i=1; relative to sigma_t=1; prescribed t_i=1 PASS
[2026-07-30 03:35:12]   generator g_2: Artin exponent A_i=0; relative to sigma_t=0; prescribed t_i=0 PASS
[2026-07-30 03:35:12]   generator g_3: Artin exponent A_i=0; relative to sigma_t=0; prescribed t_i=0 PASS
[2026-07-30 03:35:12]   direct AC and independent norm-class checks
[2026-07-30 03:35:13]   input e_1: AC1_COMPACT_DIVISOR=PASS AC2_UNIT_STATUS=PASS AC2_MODULAR_SIGN=PASS AC2_UNIT_COORD=PASS independent D=[0, 2, 4] production D=[0, 2, 4] MATCH
[2026-07-30 03:35:13]     rational_prime=5 prime_ideal=[5, [2, 1]~, 1, 1, [-2, -22254326; 1, -2]] residue(u)=1 residue(+1)=1 residue(-1)=4 unit_coordinates=[0]~
[2026-07-30 03:35:14]   input e_2: AC1_COMPACT_DIVISOR=PASS AC2_UNIT_STATUS=PASS AC2_MODULAR_SIGN=PASS AC2_UNIT_COORD=PASS independent D=[0, 4, 4] production D=[0, 4, 4] MATCH
[2026-07-30 03:35:14]     rational_prime=5 prime_ideal=[5, [-2, 1]~, 1, 1, [2, -22254326; 1, 2]] residue(u)=1 residue(+1)=1 residue(-1)=4 unit_coordinates=[0]~
[2026-07-30 03:35:16]   input e_3: AC1_COMPACT_DIVISOR=PASS AC2_UNIT_STATUS=PASS AC2_MODULAR_SIGN=PASS AC2_UNIT_COORD=PASS independent D=[0, 0, 3] production D=[0, 0, 3] MATCH
[2026-07-30 03:35:16]     rational_prime=5 prime_ideal=[5, [2, 1]~, 1, 1, [-2, -22254326; 1, -2]] residue(u)=1 residue(+1)=1 residue(-1)=4 unit_coordinates=[0]~
[2026-07-30 03:35:16] CHARACTER_DONE index=1 D_t=[0, 0, 0; 2, 4, 0; 4, 4, 3]
[2026-07-30 03:35:16] 	Command being timed: "/home/denis/massey/Massey-pari/parallelization/character_driver 5 s^2+22254326 1 work/D-89017304/mat-1.gp"
[2026-07-30 03:35:16] 	User time (seconds): 478.70
[2026-07-30 03:35:16] 	System time (seconds): 1.02
[2026-07-30 03:35:16] 	Percent of CPU this job got: 99%
[2026-07-30 03:35:16] 	Elapsed (wall clock) time (h:mm:ss or m:ss): 8:00.14
[2026-07-30 03:35:16] 	Average shared text size (kbytes): 0
[2026-07-30 03:35:16] 	Average unshared data size (kbytes): 0
[2026-07-30 03:35:16] 	Average stack size (kbytes): 0
[2026-07-30 03:35:16] 	Average total size (kbytes): 0
[2026-07-30 03:35:16] 	Maximum resident set size (kbytes): 962168
[2026-07-30 03:35:16] 	Average resident set size (kbytes): 0
[2026-07-30 03:35:16] 	Major (requiring I/O) page faults: 0
[2026-07-30 03:35:16] 	Minor (reclaiming a frame) page faults: 313205
[2026-07-30 03:35:16] 	Voluntary context switches: 30
[2026-07-30 03:35:16] 	Involuntary context switches: 1053
[2026-07-30 03:35:16] 	Swaps: 0
[2026-07-30 03:35:16] 	File system inputs: 0
[2026-07-30 03:35:16] 	File system outputs: 176
[2026-07-30 03:35:16] 	Socket messages sent: 0
[2026-07-30 03:35:16] 	Socket messages received: 0
[2026-07-30 03:35:16] 	Signals delivered: 0
[2026-07-30 03:35:16] 	Page size (bytes): 4096
[2026-07-30 03:35:16] 	Exit status: 0
==== character 2 ====
[2026-07-30 03:27:16] CHARACTER_DRIVER index=2 D=-89017304
[2026-07-30 03:27:16] BASE_BNF_CERTIFIED
[2026-07-30 03:27:16] prescribed t = [0, 1, 0]
[2026-07-30 03:35:15] 
[2026-07-30 03:35:15] MASSEY_ARITHMETIC_AUDIT character certificate
[2026-07-30 03:35:15]   prescribed t = [0, 1, 0]
[2026-07-30 03:35:15]   chi = [0, 2, 0]
[2026-07-30 03:35:15]   H = [1, 0, 0; 0, 5, 0; 0, 0, 1]
[2026-07-30 03:35:15]   det(H) = 5; [Cl(K):H] = 5
[2026-07-30 03:35:15]   class-field modulus = 1 (ordinary class group)
[2026-07-30 03:35:15]   relative degree = 5; disc(L) = disc(K)^5 = -5589490018979281400605741859368207745024; finite-unramified=PASS
[2026-07-30 03:35:15]   H column 1: t(h)=0 PASS
[2026-07-30 03:35:15]   H column 2: t(h)=0 PASS
[2026-07-30 03:35:15]   H column 3: t(h)=0 PASS
[2026-07-30 03:35:15]   A=[0, 4, 0] lambda=4 u=1 lambda/u=4 sigma_t/sigma_Artin=4
[2026-07-30 03:35:15]   generator g_1: Artin exponent A_i=0; relative to sigma_t=0; prescribed t_i=0 PASS
[2026-07-30 03:35:15]   generator g_2: Artin exponent A_i=4; relative to sigma_t=1; prescribed t_i=1 PASS
[2026-07-30 03:35:15]   generator g_3: Artin exponent A_i=0; relative to sigma_t=0; prescribed t_i=0 PASS
[2026-07-30 03:35:15]   direct AC and independent norm-class checks
[2026-07-30 03:35:16]   input e_1: AC1_COMPACT_DIVISOR=PASS AC2_UNIT_STATUS=PASS AC2_MODULAR_SIGN=PASS AC2_UNIT_COORD=PASS independent D=[1, 0, 2] production D=[1, 0, 2] MATCH
[2026-07-30 03:35:16]     rational_prime=5 prime_ideal=[5, [2, 1]~, 1, 1, [-2, -22254326; 1, -2]] residue(u)=1 residue(+1)=1 residue(-1)=4 unit_coordinates=[0]~
[2026-07-30 03:35:18]   input e_2: AC1_COMPACT_DIVISOR=PASS AC2_UNIT_STATUS=PASS AC2_MODULAR_SIGN=PASS AC2_UNIT_COORD=PASS independent D=[0, 0, 2] production D=[0, 0, 2] MATCH
[2026-07-30 03:35:18]     rational_prime=5 prime_ideal=[5, [-2, 1]~, 1, 1, [2, -22254326; 1, 2]] residue(u)=1 residue(+1)=1 residue(-1)=4 unit_coordinates=[0]~
[2026-07-30 03:35:19]   input e_3: AC1_COMPACT_DIVISOR=PASS AC2_UNIT_STATUS=PASS AC2_MODULAR_SIGN=PASS AC2_UNIT_COORD=PASS independent D=[3, 0, 1] production D=[3, 0, 1] MATCH
[2026-07-30 03:35:19]     rational_prime=5 prime_ideal=[5, [2, 1]~, 1, 1, [-2, -22254326; 1, -2]] residue(u)=1 residue(+1)=1 residue(-1)=4 unit_coordinates=[0]~
[2026-07-30 03:35:19] CHARACTER_DONE index=2 D_t=[1, 0, 3; 0, 0, 0; 2, 2, 1]
[2026-07-30 03:35:19] 	Command being timed: "/home/denis/massey/Massey-pari/parallelization/character_driver 5 s^2+22254326 2 work/D-89017304/mat-2.gp"
[2026-07-30 03:35:19] 	User time (seconds): 482.34
[2026-07-30 03:35:19] 	System time (seconds): 0.96
[2026-07-30 03:35:19] 	Percent of CPU this job got: 99%
[2026-07-30 03:35:19] 	Elapsed (wall clock) time (h:mm:ss or m:ss): 8:03.60
[2026-07-30 03:35:19] 	Average shared text size (kbytes): 0
[2026-07-30 03:35:19] 	Average unshared data size (kbytes): 0
[2026-07-30 03:35:19] 	Average stack size (kbytes): 0
[2026-07-30 03:35:19] 	Average total size (kbytes): 0
[2026-07-30 03:35:19] 	Maximum resident set size (kbytes): 961908
[2026-07-30 03:35:19] 	Average resident set size (kbytes): 0
[2026-07-30 03:35:19] 	Major (requiring I/O) page faults: 0
[2026-07-30 03:35:19] 	Minor (reclaiming a frame) page faults: 313196
[2026-07-30 03:35:19] 	Voluntary context switches: 21
[2026-07-30 03:35:19] 	Involuntary context switches: 263
[2026-07-30 03:35:19] 	Swaps: 0
[2026-07-30 03:35:19] 	File system inputs: 0
[2026-07-30 03:35:19] 	File system outputs: 160
[2026-07-30 03:35:19] 	Socket messages sent: 0
[2026-07-30 03:35:19] 	Socket messages received: 0
[2026-07-30 03:35:19] 	Signals delivered: 0
[2026-07-30 03:35:19] 	Page size (bytes): 4096
[2026-07-30 03:35:19] 	Exit status: 0
==== character 3 ====
[2026-07-30 03:27:16] CHARACTER_DRIVER index=3 D=-89017304
[2026-07-30 03:27:16] BASE_BNF_CERTIFIED
[2026-07-30 03:27:16] prescribed t = [0, 0, 1]
[2026-07-30 03:35:06] 
[2026-07-30 03:35:06] MASSEY_ARITHMETIC_AUDIT character certificate
[2026-07-30 03:35:06]   prescribed t = [0, 0, 1]
[2026-07-30 03:35:06]   chi = [0, 0, 1]
[2026-07-30 03:35:06]   H = [1, 0, 0; 0, 1, 0; 0, 0, 5]
[2026-07-30 03:35:06]   det(H) = 5; [Cl(K):H] = 5
[2026-07-30 03:35:06]   class-field modulus = 1 (ordinary class group)
[2026-07-30 03:35:06]   relative degree = 5; disc(L) = disc(K)^5 = -5589490018979281400605741859368207745024; finite-unramified=PASS
[2026-07-30 03:35:06]   H column 1: t(h)=0 PASS
[2026-07-30 03:35:06]   H column 2: t(h)=0 PASS
[2026-07-30 03:35:06]   H column 3: t(h)=0 PASS
[2026-07-30 03:35:06]   A=[0, 0, 2] lambda=2 u=1 lambda/u=2 sigma_t/sigma_Artin=2
[2026-07-30 03:35:06]   generator g_1: Artin exponent A_i=0; relative to sigma_t=0; prescribed t_i=0 PASS
[2026-07-30 03:35:06]   generator g_2: Artin exponent A_i=0; relative to sigma_t=0; prescribed t_i=0 PASS
[2026-07-30 03:35:06]   generator g_3: Artin exponent A_i=2; relative to sigma_t=1; prescribed t_i=1 PASS
[2026-07-30 03:35:06]   direct AC and independent norm-class checks
[2026-07-30 03:35:07]   input e_1: AC1_COMPACT_DIVISOR=PASS AC2_UNIT_STATUS=PASS AC2_MODULAR_SIGN=PASS AC2_UNIT_COORD=PASS independent D=[0, 1, 0] production D=[0, 1, 0] MATCH
[2026-07-30 03:35:07]     rational_prime=7 prime_ideal=[7, [-5, 1]~, 1, 1, [-2, -22254326; 1, -2]] residue(u)=1 residue(+1)=1 residue(-1)=6 unit_coordinates=[0]~
[2026-07-30 03:35:08]   input e_2: AC1_COMPACT_DIVISOR=PASS AC2_UNIT_STATUS=PASS AC2_MODULAR_SIGN=PASS AC2_UNIT_COORD=PASS independent D=[0, 0, 0] production D=[0, 0, 0] MATCH
[2026-07-30 03:35:08]     rational_prime=7 prime_ideal=[7, [-5, 1]~, 1, 1, [-2, -22254326; 1, -2]] residue(u)=1 residue(+1)=1 residue(-1)=6 unit_coordinates=[0]~
[2026-07-30 03:35:10]   input e_3: AC1_COMPACT_DIVISOR=PASS AC2_UNIT_STATUS=PASS AC2_MODULAR_SIGN=PASS AC2_UNIT_COORD=PASS independent D=[0, 4, 0] production D=[0, 4, 0] MATCH
[2026-07-30 03:35:10]     rational_prime=7 prime_ideal=[7, [-5, 1]~, 1, 1, [-2, -22254326; 1, -2]] residue(u)=1 residue(+1)=1 residue(-1)=6 unit_coordinates=[0]~
[2026-07-30 03:35:10] CHARACTER_DONE index=3 D_t=[0, 0, 0; 1, 0, 4; 0, 0, 0]
[2026-07-30 03:35:10] 	Command being timed: "/home/denis/massey/Massey-pari/parallelization/character_driver 5 s^2+22254326 3 work/D-89017304/mat-3.gp"
[2026-07-30 03:35:10] 	User time (seconds): 472.76
[2026-07-30 03:35:10] 	System time (seconds): 0.98
[2026-07-30 03:35:10] 	Percent of CPU this job got: 99%
[2026-07-30 03:35:10] 	Elapsed (wall clock) time (h:mm:ss or m:ss): 7:54.31
[2026-07-30 03:35:10] 	Average shared text size (kbytes): 0
[2026-07-30 03:35:10] 	Average unshared data size (kbytes): 0
[2026-07-30 03:35:10] 	Average stack size (kbytes): 0
[2026-07-30 03:35:10] 	Average total size (kbytes): 0
[2026-07-30 03:35:10] 	Maximum resident set size (kbytes): 962200
[2026-07-30 03:35:10] 	Average resident set size (kbytes): 0
[2026-07-30 03:35:10] 	Major (requiring I/O) page faults: 0
[2026-07-30 03:35:10] 	Minor (reclaiming a frame) page faults: 313244
[2026-07-30 03:35:10] 	Voluntary context switches: 64
[2026-07-30 03:35:10] 	Involuntary context switches: 199
[2026-07-30 03:35:10] 	Swaps: 0
[2026-07-30 03:35:10] 	File system inputs: 0
[2026-07-30 03:35:10] 	File system outputs: 120
[2026-07-30 03:35:10] 	Socket messages sent: 0
[2026-07-30 03:35:10] 	Socket messages received: 0
[2026-07-30 03:35:10] 	Signals delivered: 0
[2026-07-30 03:35:10] 	Page size (bytes): 4096
[2026-07-30 03:35:10] 	Exit status: 0
==== character 4 ====
[2026-07-30 03:27:16] CHARACTER_DRIVER index=4 D=-89017304
[2026-07-30 03:27:16] BASE_BNF_CERTIFIED
[2026-07-30 03:27:16] prescribed t = [1, 1, 0]
[2026-07-30 03:35:10] 
[2026-07-30 03:35:10] MASSEY_ARITHMETIC_AUDIT character certificate
[2026-07-30 03:35:10]   prescribed t = [1, 1, 0]
[2026-07-30 03:35:10]   chi = [34, 2, 0]
[2026-07-30 03:35:10]   H = [5, 4, 0; 0, 1, 0; 0, 0, 1]
[2026-07-30 03:35:10]   det(H) = 5; [Cl(K):H] = 5
[2026-07-30 03:35:10]   class-field modulus = 1 (ordinary class group)
[2026-07-30 03:35:10]   relative degree = 5; disc(L) = disc(K)^5 = -5589490018979281400605741859368207745024; finite-unramified=PASS
[2026-07-30 03:35:10]   H column 1: t(h)=0 PASS
[2026-07-30 03:35:10]   H column 2: t(h)=0 PASS
[2026-07-30 03:35:10]   H column 3: t(h)=0 PASS
[2026-07-30 03:35:10]   A=[1, 1, 0] lambda=1 u=1 lambda/u=1 sigma_t/sigma_Artin=1
[2026-07-30 03:35:10]   generator g_1: Artin exponent A_i=1; relative to sigma_t=1; prescribed t_i=1 PASS
[2026-07-30 03:35:10]   generator g_2: Artin exponent A_i=1; relative to sigma_t=1; prescribed t_i=1 PASS
[2026-07-30 03:35:10]   generator g_3: Artin exponent A_i=0; relative to sigma_t=0; prescribed t_i=0 PASS
[2026-07-30 03:35:10]   direct AC and independent norm-class checks
[2026-07-30 03:35:10]   input e_1: AC1_COMPACT_DIVISOR=PASS AC2_UNIT_STATUS=PASS AC2_MODULAR_SIGN=PASS AC2_UNIT_COORD=PASS independent D=[4, 1, 4] production D=[4, 1, 4] MATCH
[2026-07-30 03:35:10]     rational_prime=7 prime_ideal=[7, [-5, 1]~, 1, 1, [-2, -22254326; 1, -2]] residue(u)=1 residue(+1)=1 residue(-1)=6 unit_coordinates=[0]~
[2026-07-30 03:35:11]   input e_2: AC1_COMPACT_DIVISOR=PASS AC2_UNIT_STATUS=PASS AC2_MODULAR_SIGN=PASS AC2_UNIT_COORD=PASS independent D=[1, 4, 4] production D=[1, 4, 4] MATCH
[2026-07-30 03:35:11]     rational_prime=7 prime_ideal=[7, [-5, 1]~, 1, 1, [-2, -22254326; 1, -2]] residue(u)=1 residue(+1)=1 residue(-1)=6 unit_coordinates=[0]~
[2026-07-30 03:35:11]   input e_3: AC1_COMPACT_DIVISOR=PASS AC2_UNIT_STATUS=PASS AC2_MODULAR_SIGN=PASS AC2_UNIT_COORD=PASS independent D=[3, 2, 1] production D=[3, 2, 1] MATCH
[2026-07-30 03:35:11]     rational_prime=7 prime_ideal=[7, [-5, 1]~, 1, 1, [-2, -22254326; 1, -2]] residue(u)=1 residue(+1)=1 residue(-1)=6 unit_coordinates=[0]~
[2026-07-30 03:35:11] CHARACTER_DONE index=4 D_t=[4, 1, 3; 1, 4, 2; 4, 4, 1]
[2026-07-30 03:35:11] 	Command being timed: "/home/denis/massey/Massey-pari/parallelization/character_driver 5 s^2+22254326 4 work/D-89017304/mat-4.gp"
[2026-07-30 03:35:11] 	User time (seconds): 473.95
[2026-07-30 03:35:11] 	System time (seconds): 0.92
[2026-07-30 03:35:11] 	Percent of CPU this job got: 99%
[2026-07-30 03:35:11] 	Elapsed (wall clock) time (h:mm:ss or m:ss): 7:55.40
[2026-07-30 03:35:11] 	Average shared text size (kbytes): 0
[2026-07-30 03:35:11] 	Average unshared data size (kbytes): 0
[2026-07-30 03:35:11] 	Average stack size (kbytes): 0
[2026-07-30 03:35:11] 	Average total size (kbytes): 0
[2026-07-30 03:35:11] 	Maximum resident set size (kbytes): 962244
[2026-07-30 03:35:11] 	Average resident set size (kbytes): 0
[2026-07-30 03:35:11] 	Major (requiring I/O) page faults: 0
[2026-07-30 03:35:11] 	Minor (reclaiming a frame) page faults: 313230
[2026-07-30 03:35:11] 	Voluntary context switches: 57
[2026-07-30 03:35:11] 	Involuntary context switches: 128
[2026-07-30 03:35:11] 	Swaps: 0
[2026-07-30 03:35:11] 	File system inputs: 0
[2026-07-30 03:35:11] 	File system outputs: 160
[2026-07-30 03:35:11] 	Socket messages sent: 0
[2026-07-30 03:35:11] 	Socket messages received: 0
[2026-07-30 03:35:11] 	Signals delivered: 0
[2026-07-30 03:35:11] 	Page size (bytes): 4096
[2026-07-30 03:35:11] 	Exit status: 0
==== character 5 ====
[2026-07-30 03:27:16] CHARACTER_DRIVER index=5 D=-89017304
[2026-07-30 03:27:16] BASE_BNF_CERTIFIED
[2026-07-30 03:27:16] prescribed t = [1, 0, 1]
[2026-07-30 03:35:13] 
[2026-07-30 03:35:13] MASSEY_ARITHMETIC_AUDIT character certificate
[2026-07-30 03:35:13]   prescribed t = [1, 0, 1]
[2026-07-30 03:35:13]   chi = [34, 0, 1]
[2026-07-30 03:35:13]   H = [5, 0, 4; 0, 1, 0; 0, 0, 1]
[2026-07-30 03:35:13]   det(H) = 5; [Cl(K):H] = 5
[2026-07-30 03:35:13]   class-field modulus = 1 (ordinary class group)
[2026-07-30 03:35:13]   relative degree = 5; disc(L) = disc(K)^5 = -5589490018979281400605741859368207745024; finite-unramified=PASS
[2026-07-30 03:35:13]   H column 1: t(h)=0 PASS
[2026-07-30 03:35:13]   H column 2: t(h)=0 PASS
[2026-07-30 03:35:13]   H column 3: t(h)=0 PASS
[2026-07-30 03:35:13]   A=[1, 0, 1] lambda=1 u=1 lambda/u=1 sigma_t/sigma_Artin=1
[2026-07-30 03:35:13]   generator g_1: Artin exponent A_i=1; relative to sigma_t=1; prescribed t_i=1 PASS
[2026-07-30 03:35:13]   generator g_2: Artin exponent A_i=0; relative to sigma_t=0; prescribed t_i=0 PASS
[2026-07-30 03:35:13]   generator g_3: Artin exponent A_i=1; relative to sigma_t=1; prescribed t_i=1 PASS
[2026-07-30 03:35:13]   direct AC and independent norm-class checks
[2026-07-30 03:35:14]   input e_1: AC1_COMPACT_DIVISOR=PASS AC2_UNIT_STATUS=PASS AC2_MODULAR_SIGN=PASS AC2_UNIT_COORD=PASS independent D=[1, 2, 4] production D=[1, 2, 4] MATCH
[2026-07-30 03:35:14]     rational_prime=5 prime_ideal=[5, [2, 1]~, 1, 1, [-2, -22254326; 1, -2]] residue(u)=1 residue(+1)=1 residue(-1)=4 unit_coordinates=[0]~
[2026-07-30 03:35:15]   input e_2: AC1_COMPACT_DIVISOR=PASS AC2_UNIT_STATUS=PASS AC2_MODULAR_SIGN=PASS AC2_UNIT_COORD=PASS independent D=[1, 1, 4] production D=[1, 1, 4] MATCH
[2026-07-30 03:35:15]     rational_prime=5 prime_ideal=[5, [-2, 1]~, 1, 1, [2, -22254326; 1, 2]] residue(u)=1 residue(+1)=1 residue(-1)=4 unit_coordinates=[0]~
[2026-07-30 03:35:17]   input e_3: AC1_COMPACT_DIVISOR=PASS AC2_UNIT_STATUS=PASS AC2_MODULAR_SIGN=PASS AC2_UNIT_COORD=PASS independent D=[2, 1, 3] production D=[2, 1, 3] MATCH
[2026-07-30 03:35:17]     rational_prime=5 prime_ideal=[5, [2, 1]~, 1, 1, [-2, -22254326; 1, -2]] residue(u)=1 residue(+1)=1 residue(-1)=4 unit_coordinates=[0]~
[2026-07-30 03:35:17] CHARACTER_DONE index=5 D_t=[1, 1, 2; 2, 1, 1; 4, 4, 3]
[2026-07-30 03:35:17] 	Command being timed: "/home/denis/massey/Massey-pari/parallelization/character_driver 5 s^2+22254326 5 work/D-89017304/mat-5.gp"
[2026-07-30 03:35:17] 	User time (seconds): 479.46
[2026-07-30 03:35:17] 	System time (seconds): 1.08
[2026-07-30 03:35:17] 	Percent of CPU this job got: 99%
[2026-07-30 03:35:17] 	Elapsed (wall clock) time (h:mm:ss or m:ss): 8:00.92
[2026-07-30 03:35:17] 	Average shared text size (kbytes): 0
[2026-07-30 03:35:17] 	Average unshared data size (kbytes): 0
[2026-07-30 03:35:17] 	Average stack size (kbytes): 0
[2026-07-30 03:35:17] 	Average total size (kbytes): 0
[2026-07-30 03:35:17] 	Maximum resident set size (kbytes): 961912
[2026-07-30 03:35:17] 	Average resident set size (kbytes): 0
[2026-07-30 03:35:17] 	Major (requiring I/O) page faults: 0
[2026-07-30 03:35:17] 	Minor (reclaiming a frame) page faults: 313226
[2026-07-30 03:35:17] 	Voluntary context switches: 52
[2026-07-30 03:35:17] 	Involuntary context switches: 267
[2026-07-30 03:35:17] 	Swaps: 0
[2026-07-30 03:35:17] 	File system inputs: 0
[2026-07-30 03:35:17] 	File system outputs: 112
[2026-07-30 03:35:17] 	Socket messages sent: 0
[2026-07-30 03:35:17] 	Socket messages received: 0
[2026-07-30 03:35:17] 	Signals delivered: 0
[2026-07-30 03:35:17] 	Page size (bytes): 4096
[2026-07-30 03:35:17] 	Exit status: 0
==== character 6 ====
[2026-07-30 03:27:16] CHARACTER_DRIVER index=6 D=-89017304
[2026-07-30 03:27:16] BASE_BNF_CERTIFIED
[2026-07-30 03:27:16] prescribed t = [0, 1, 1]
[2026-07-30 03:35:12] 
[2026-07-30 03:35:12] MASSEY_ARITHMETIC_AUDIT character certificate
[2026-07-30 03:35:12]   prescribed t = [0, 1, 1]
[2026-07-30 03:35:12]   chi = [0, 2, 1]
[2026-07-30 03:35:12]   H = [1, 0, 0; 0, 5, 4; 0, 0, 1]
[2026-07-30 03:35:12]   det(H) = 5; [Cl(K):H] = 5
[2026-07-30 03:35:12]   class-field modulus = 1 (ordinary class group)
[2026-07-30 03:35:12]   relative degree = 5; disc(L) = disc(K)^5 = -5589490018979281400605741859368207745024; finite-unramified=PASS
[2026-07-30 03:35:12]   H column 1: t(h)=0 PASS
[2026-07-30 03:35:12]   H column 2: t(h)=0 PASS
[2026-07-30 03:35:12]   H column 3: t(h)=0 PASS
[2026-07-30 03:35:12]   A=[0, 1, 1] lambda=1 u=1 lambda/u=1 sigma_t/sigma_Artin=1
[2026-07-30 03:35:12]   generator g_1: Artin exponent A_i=0; relative to sigma_t=0; prescribed t_i=0 PASS
[2026-07-30 03:35:12]   generator g_2: Artin exponent A_i=1; relative to sigma_t=1; prescribed t_i=1 PASS
[2026-07-30 03:35:12]   generator g_3: Artin exponent A_i=1; relative to sigma_t=1; prescribed t_i=1 PASS
[2026-07-30 03:35:12]   direct AC and independent norm-class checks
[2026-07-30 03:35:12]   input e_1: AC1_COMPACT_DIVISOR=PASS AC2_UNIT_STATUS=PASS AC2_MODULAR_SIGN=PASS AC2_UNIT_COORD=PASS independent D=[4, 4, 1] production D=[4, 4, 1] MATCH
[2026-07-30 03:35:12]     rational_prime=5 prime_ideal=[5, [2, 1]~, 1, 1, [-2, -22254326; 1, -2]] residue(u)=1 residue(+1)=1 residue(-1)=4 unit_coordinates=[0]~
[2026-07-30 03:35:13]   input e_2: AC1_COMPACT_DIVISOR=PASS AC2_UNIT_STATUS=PASS AC2_MODULAR_SIGN=PASS AC2_UNIT_COORD=PASS independent D=[0, 3, 2] production D=[0, 3, 2] MATCH
[2026-07-30 03:35:13]     rational_prime=5 prime_ideal=[5, [-2, 1]~, 1, 1, [2, -22254326; 1, 2]] residue(u)=1 residue(+1)=1 residue(-1)=4 unit_coordinates=[0]~
[2026-07-30 03:35:14]   input e_3: AC1_COMPACT_DIVISOR=PASS AC2_UNIT_STATUS=PASS AC2_MODULAR_SIGN=PASS AC2_UNIT_COORD=PASS independent D=[4, 3, 2] production D=[4, 3, 2] MATCH
[2026-07-30 03:35:14]     rational_prime=5 prime_ideal=[5, [2, 1]~, 1, 1, [-2, -22254326; 1, -2]] residue(u)=1 residue(+1)=1 residue(-1)=4 unit_coordinates=[0]~
[2026-07-30 03:35:14] CHARACTER_DONE index=6 D_t=[4, 0, 4; 4, 3, 3; 1, 2, 2]
[2026-07-30 03:35:14] 	Command being timed: "/home/denis/massey/Massey-pari/parallelization/character_driver 5 s^2+22254326 6 work/D-89017304/mat-6.gp"
[2026-07-30 03:35:14] 	User time (seconds): 476.56
[2026-07-30 03:35:14] 	System time (seconds): 1.04
[2026-07-30 03:35:14] 	Percent of CPU this job got: 99%
[2026-07-30 03:35:14] 	Elapsed (wall clock) time (h:mm:ss or m:ss): 7:58.06
[2026-07-30 03:35:14] 	Average shared text size (kbytes): 0
[2026-07-30 03:35:14] 	Average unshared data size (kbytes): 0
[2026-07-30 03:35:14] 	Average stack size (kbytes): 0
[2026-07-30 03:35:14] 	Average total size (kbytes): 0
[2026-07-30 03:35:14] 	Maximum resident set size (kbytes): 962188
[2026-07-30 03:35:14] 	Average resident set size (kbytes): 0
[2026-07-30 03:35:14] 	Major (requiring I/O) page faults: 0
[2026-07-30 03:35:14] 	Minor (reclaiming a frame) page faults: 313185
[2026-07-30 03:35:14] 	Voluntary context switches: 15
[2026-07-30 03:35:14] 	Involuntary context switches: 245
[2026-07-30 03:35:14] 	Swaps: 0
[2026-07-30 03:35:14] 	File system inputs: 0
[2026-07-30 03:35:14] 	File system outputs: 112
[2026-07-30 03:35:14] 	Socket messages sent: 0
[2026-07-30 03:35:14] 	Socket messages received: 0
[2026-07-30 03:35:14] 	Signals delivered: 0
[2026-07-30 03:35:14] 	Page size (bytes): 4096
[2026-07-30 03:35:14] 	Exit status: 0
==== finish ====
BASE_BNF_CERTIFIED
P_CLASS_RANK 3
SECONDARY_NORMS COLLECTED
MASSEY_RANK 3
STRONG_FREENESS PASS
LEADING_WORDS ["aab", "acc", "acb"]
MILD PASS
RESULT_WRITTEN work/D-89017304/result.gp
