==== character 1 ====
[2026-07-30 10:13:40] CHARACTER_DRIVER threads=4 stack_max_MiB=26624
[2026-07-30 10:13:40] CHARACTER_DRIVER index=1 D=-77778287
[2026-07-30 10:13:40] BASE_BNF_CERTIFIED
[2026-07-30 10:13:40] prescribed t = [1, 0, 0]
[2026-07-30 10:35:17]   ***   Warning: increasing stack size to 2147483648.
[2026-07-30 10:46:57]   ***   Warning: increasing stack size to 4294967296.
[2026-07-30 12:05:53]   *** _ZM_mul_worker: Warning: increasing stack size to 8589934592.
[2026-07-30 17:36:43]   ***   Warning: increasing stack size to 17179869184.
[2026-07-30 19:33:55] 
[2026-07-30 19:33:55] MASSEY_ARITHMETIC_AUDIT character certificate
[2026-07-30 19:33:55]   prescribed t = [1, 0, 0]
[2026-07-30 19:33:55]   chi = [24, 0, 0]
[2026-07-30 19:33:55]   H = [5, 0, 0; 0, 1, 0; 0, 0, 1]
[2026-07-30 19:33:55]   det(H) = 5; [Cl(K):H] = 5
[2026-07-30 19:33:55]   class-field modulus = 1 (ordinary class group)
[2026-07-30 19:33:55]   relative degree = 5; disc(L) = disc(K)^5 = -2846373384198611508231776661040606460207; finite-unramified=PASS
[2026-07-30 19:33:55]   H column 1: t(h)=0 PASS
[2026-07-30 19:33:55]   H column 2: t(h)=0 PASS
[2026-07-30 19:33:55]   H column 3: t(h)=0 PASS
[2026-07-30 19:33:55]   A=[3, 0, 0] lambda=3 u=1 lambda/u=3 sigma_t/sigma_Artin=3
[2026-07-30 19:33:55]   generator g_1: Artin exponent A_i=3; relative to sigma_t=1; prescribed t_i=1 PASS
[2026-07-30 19:33:55]   generator g_2: Artin exponent A_i=0; relative to sigma_t=0; prescribed t_i=0 PASS
[2026-07-30 19:33:55]   generator g_3: Artin exponent A_i=0; relative to sigma_t=0; prescribed t_i=0 PASS
[2026-07-30 19:33:55]   direct AC and independent norm-class checks
[2026-07-30 19:33:58]   input e_1: AC1_COMPACT_DIVISOR=PASS AC2_UNIT_STATUS=PASS AC2_MODULAR_SIGN=PASS AC2_UNIT_COORD=PASS independent D=[0, 4, 2] production D=[0, 4, 2] MATCH
[2026-07-30 19:33:58]     rational_prime=7 prime_ideal=[7, [6, 1]~, 1, 1, [0, -19444572; 1, 1]] residue(u)=1 residue(+1)=1 residue(-1)=6 unit_coordinates=[0]~
[2026-07-30 19:34:02]   input e_2: AC1_COMPACT_DIVISOR=PASS AC2_UNIT_STATUS=PASS AC2_MODULAR_SIGN=PASS AC2_UNIT_COORD=PASS independent D=[0, 2, 3] production D=[0, 2, 3] MATCH
[2026-07-30 19:34:02]     rational_prime=7 prime_ideal=[7, [6, 1]~, 1, 1, [0, -19444572; 1, 1]] residue(u)=1 residue(+1)=1 residue(-1)=6 unit_coordinates=[0]~
[2026-07-30 19:34:06]   input e_3: AC1_COMPACT_DIVISOR=PASS AC2_UNIT_STATUS=PASS AC2_MODULAR_SIGN=PASS AC2_UNIT_COORD=PASS independent D=[0, 1, 0] production D=[0, 1, 0] MATCH
[2026-07-30 19:34:06]     rational_prime=7 prime_ideal=[7, [7, 1]~, 1, 1, [-1, -19444572; 1, 0]] residue(u)=1 residue(+1)=1 residue(-1)=6 unit_coordinates=[0]~
[2026-07-30 19:34:06] CHARACTER_DONE index=1 D_t=[0, 0, 0; 4, 2, 1; 2, 3, 0]
[2026-07-30 19:34:07] 	Command being timed: "/home/denis/massey/Massey-pari/parallelization/character_driver_mt 5 s^2-s+19444572 1 work/D-77778287-mt/mat-1.gp"
[2026-07-30 19:34:07] 	User time (seconds): 33516.83
[2026-07-30 19:34:07] 	System time (seconds): 113.53
[2026-07-30 19:34:07] 	Percent of CPU this job got: 100%
[2026-07-30 19:34:07] 	Elapsed (wall clock) time (h:mm:ss or m:ss): 9:20:27
[2026-07-30 19:34:07] 	Average shared text size (kbytes): 0
[2026-07-30 19:34:07] 	Average unshared data size (kbytes): 0
[2026-07-30 19:34:07] 	Average stack size (kbytes): 0
[2026-07-30 19:34:07] 	Average total size (kbytes): 0
[2026-07-30 19:34:07] 	Maximum resident set size (kbytes): 17564236
[2026-07-30 19:34:07] 	Average resident set size (kbytes): 0
[2026-07-30 19:34:07] 	Major (requiring I/O) page faults: 9
[2026-07-30 19:34:07] 	Minor (reclaiming a frame) page faults: 28390452
[2026-07-30 19:34:07] 	Voluntary context switches: 144445
[2026-07-30 19:34:07] 	Involuntary context switches: 155984
[2026-07-30 19:34:07] 	Swaps: 0
[2026-07-30 19:34:07] 	File system inputs: 13528
[2026-07-30 19:34:07] 	File system outputs: 408
[2026-07-30 19:34:07] 	Socket messages sent: 0
[2026-07-30 19:34:07] 	Socket messages received: 0
[2026-07-30 19:34:07] 	Signals delivered: 0
[2026-07-30 19:34:07] 	Page size (bytes): 4096
[2026-07-30 19:34:07] 	Exit status: 0
==== character 2 ====
[2026-07-31 07:58:39] CHARACTER_DRIVER threads=1 stack_max_MiB=24576
[2026-07-31 07:58:39] CHARACTER_DRIVER index=2 D=-77778287
[2026-07-31 07:58:39] BASE_BNF_CERTIFIED
[2026-07-31 07:58:39] prescribed t = [0, 1, 0]
[2026-07-31 08:05:22]   ***   Warning: increasing stack size to 2147483648.
[2026-07-31 08:09:30]   ***   Warning: increasing stack size to 4294967296.
[2026-07-31 08:30:37]   *** _ZM_mul_worker: Warning: increasing stack size to 8589934592.
[2026-07-31 09:26:26]   ***   Warning: increasing stack size to 17179869184.
[2026-07-31 09:41:29] 
[2026-07-31 09:41:29] MASSEY_ARITHMETIC_AUDIT character certificate
[2026-07-31 09:41:29]   prescribed t = [0, 1, 0]
[2026-07-31 09:41:29]   chi = [0, 2, 0]
[2026-07-31 09:41:29]   H = [1, 0, 0; 0, 5, 0; 0, 0, 1]
[2026-07-31 09:41:29]   det(H) = 5; [Cl(K):H] = 5
[2026-07-31 09:41:29]   class-field modulus = 1 (ordinary class group)
[2026-07-31 09:41:29]   relative degree = 5; disc(L) = disc(K)^5 = -2846373384198611508231776661040606460207; finite-unramified=PASS
[2026-07-31 09:41:29]   H column 1: t(h)=0 PASS
[2026-07-31 09:41:29]   H column 2: t(h)=0 PASS
[2026-07-31 09:41:29]   H column 3: t(h)=0 PASS
[2026-07-31 09:41:29]   A=[0, 1, 0] lambda=1 u=1 lambda/u=1 sigma_t/sigma_Artin=1
[2026-07-31 09:41:29]   generator g_1: Artin exponent A_i=0; relative to sigma_t=0; prescribed t_i=0 PASS
[2026-07-31 09:41:29]   generator g_2: Artin exponent A_i=1; relative to sigma_t=1; prescribed t_i=1 PASS
[2026-07-31 09:41:29]   generator g_3: Artin exponent A_i=0; relative to sigma_t=0; prescribed t_i=0 PASS
[2026-07-31 09:41:29]   direct AC and independent norm-class checks
[2026-07-31 09:41:30]   input e_1: AC1_COMPACT_DIVISOR=PASS AC2_UNIT_STATUS=PASS AC2_MODULAR_SIGN=PASS AC2_UNIT_COORD=PASS independent D=[2, 0, 0] production D=[2, 0, 0] MATCH
[2026-07-31 09:41:30]     rational_prime=23 prime_ideal=[23, [-7, 1]~, 1, 1, [6, -19444572; 1, 7]] residue(u)=1 residue(+1)=1 residue(-1)=22 unit_coordinates=[0]~
[2026-07-31 09:41:30]   input e_2: AC1_COMPACT_DIVISOR=PASS AC2_UNIT_STATUS=PASS AC2_MODULAR_SIGN=PASS AC2_UNIT_COORD=PASS independent D=[1, 0, 1] production D=[1, 0, 1] MATCH
[2026-07-31 09:41:30]     rational_prime=23 prime_ideal=[23, [-7, 1]~, 1, 1, [6, -19444572; 1, 7]] residue(u)=1 residue(+1)=1 residue(-1)=22 unit_coordinates=[0]~
[2026-07-31 09:41:30]   input e_3: AC1_COMPACT_DIVISOR=PASS AC2_UNIT_STATUS=PASS AC2_MODULAR_SIGN=PASS AC2_UNIT_COORD=PASS independent D=[2, 0, 0] production D=[2, 0, 0] MATCH
[2026-07-31 09:41:30]     rational_prime=23 prime_ideal=[23, [-7, 1]~, 1, 1, [6, -19444572; 1, 7]] residue(u)=1 residue(+1)=1 residue(-1)=22 unit_coordinates=[0]~
[2026-07-31 09:41:30] CHARACTER_DONE index=2 D_t=[2, 1, 2; 0, 0, 0; 0, 1, 0]
[2026-07-31 09:41:31] 	Command being timed: "/home/vogel/massey/Massey-pari/parallelization/character_driver 5 s^2-s+19444572 2 work/D-77778287/mat-2.gp"
[2026-07-31 09:41:31] 	User time (seconds): 6157.33
[2026-07-31 09:41:31] 	System time (seconds): 14.12
[2026-07-31 09:41:31] 	Percent of CPU this job got: 99%
[2026-07-31 09:41:31] 	Elapsed (wall clock) time (h:mm:ss or m:ss): 1:42:51
[2026-07-31 09:41:31] 	Average shared text size (kbytes): 0
[2026-07-31 09:41:31] 	Average unshared data size (kbytes): 0
[2026-07-31 09:41:31] 	Average stack size (kbytes): 0
[2026-07-31 09:41:31] 	Average total size (kbytes): 0
[2026-07-31 09:41:31] 	Maximum resident set size (kbytes): 17563508
[2026-07-31 09:41:31] 	Average resident set size (kbytes): 0
[2026-07-31 09:41:31] 	Major (requiring I/O) page faults: 0
[2026-07-31 09:41:31] 	Minor (reclaiming a frame) page faults: 28313053
[2026-07-31 09:41:31] 	Voluntary context switches: 1
[2026-07-31 09:41:31] 	Involuntary context switches: 11049
[2026-07-31 09:41:31] 	Swaps: 0
[2026-07-31 09:41:31] 	File system inputs: 0
[2026-07-31 09:41:31] 	File system outputs: 112
[2026-07-31 09:41:31] 	Socket messages sent: 0
[2026-07-31 09:41:31] 	Socket messages received: 0
[2026-07-31 09:41:31] 	Signals delivered: 0
[2026-07-31 09:41:31] 	Page size (bytes): 4096
[2026-07-31 09:41:31] 	Exit status: 0
==== character 3 ====
[2026-07-31 07:58:39] CHARACTER_DRIVER threads=1 stack_max_MiB=24576
[2026-07-31 07:58:39] CHARACTER_DRIVER index=3 D=-77778287
[2026-07-31 07:58:39] BASE_BNF_CERTIFIED
[2026-07-31 07:58:39] prescribed t = [0, 0, 1]
[2026-07-31 08:05:25]   ***   Warning: increasing stack size to 2147483648.
[2026-07-31 08:09:33]   ***   Warning: increasing stack size to 4294967296.
[2026-07-31 08:30:49]   *** _ZM_mul_worker: Warning: increasing stack size to 8589934592.
[2026-07-31 09:26:36]   ***   Warning: increasing stack size to 17179869184.
[2026-07-31 09:42:09] 
[2026-07-31 09:42:09] MASSEY_ARITHMETIC_AUDIT character certificate
[2026-07-31 09:42:09]   prescribed t = [0, 0, 1]
[2026-07-31 09:42:09]   chi = [0, 0, 1]
[2026-07-31 09:42:09]   H = [1, 0, 0; 0, 1, 0; 0, 0, 5]
[2026-07-31 09:42:09]   det(H) = 5; [Cl(K):H] = 5
[2026-07-31 09:42:09]   class-field modulus = 1 (ordinary class group)
[2026-07-31 09:42:09]   relative degree = 5; disc(L) = disc(K)^5 = -2846373384198611508231776661040606460207; finite-unramified=PASS
[2026-07-31 09:42:09]   H column 1: t(h)=0 PASS
[2026-07-31 09:42:09]   H column 2: t(h)=0 PASS
[2026-07-31 09:42:09]   H column 3: t(h)=0 PASS
[2026-07-31 09:42:09]   A=[0, 0, 3] lambda=3 u=1 lambda/u=3 sigma_t/sigma_Artin=3
[2026-07-31 09:42:09]   generator g_1: Artin exponent A_i=0; relative to sigma_t=0; prescribed t_i=0 PASS
[2026-07-31 09:42:09]   generator g_2: Artin exponent A_i=0; relative to sigma_t=0; prescribed t_i=0 PASS
[2026-07-31 09:42:09]   generator g_3: Artin exponent A_i=3; relative to sigma_t=1; prescribed t_i=1 PASS
[2026-07-31 09:42:09]   direct AC and independent norm-class checks
[2026-07-31 09:42:10]   input e_1: AC1_COMPACT_DIVISOR=PASS AC2_UNIT_STATUS=PASS AC2_MODULAR_SIGN=PASS AC2_UNIT_COORD=PASS independent D=[0, 1, 0] production D=[0, 1, 0] MATCH
[2026-07-31 09:42:10]     rational_prime=7 prime_ideal=[7, [6, 1]~, 1, 1, [0, -19444572; 1, 1]] residue(u)=1 residue(+1)=1 residue(-1)=6 unit_coordinates=[0]~
[2026-07-31 09:42:10]   input e_2: AC1_COMPACT_DIVISOR=PASS AC2_UNIT_STATUS=PASS AC2_MODULAR_SIGN=PASS AC2_UNIT_COORD=PASS independent D=[0, 1, 0] production D=[0, 1, 0] MATCH
[2026-07-31 09:42:10]     rational_prime=7 prime_ideal=[7, [6, 1]~, 1, 1, [0, -19444572; 1, 1]] residue(u)=1 residue(+1)=1 residue(-1)=6 unit_coordinates=[0]~
[2026-07-31 09:42:10]   input e_3: AC1_COMPACT_DIVISOR=PASS AC2_UNIT_STATUS=PASS AC2_MODULAR_SIGN=PASS AC2_UNIT_COORD=PASS independent D=[1, 2, 0] production D=[1, 2, 0] MATCH
[2026-07-31 09:42:10]     rational_prime=7 prime_ideal=[7, [7, 1]~, 1, 1, [-1, -19444572; 1, 0]] residue(u)=1 residue(+1)=1 residue(-1)=6 unit_coordinates=[0]~
[2026-07-31 09:42:10] CHARACTER_DONE index=3 D_t=[0, 0, 1; 1, 1, 2; 0, 0, 0]
[2026-07-31 09:42:11] 	Command being timed: "/home/vogel/massey/Massey-pari/parallelization/character_driver 5 s^2-s+19444572 3 work/D-77778287/mat-3.gp"
[2026-07-31 09:42:11] 	User time (seconds): 6195.95
[2026-07-31 09:42:11] 	System time (seconds): 15.32
[2026-07-31 09:42:11] 	Percent of CPU this job got: 99%
[2026-07-31 09:42:11] 	Elapsed (wall clock) time (h:mm:ss or m:ss): 1:43:31
[2026-07-31 09:42:11] 	Average shared text size (kbytes): 0
[2026-07-31 09:42:11] 	Average unshared data size (kbytes): 0
[2026-07-31 09:42:11] 	Average stack size (kbytes): 0
[2026-07-31 09:42:11] 	Average total size (kbytes): 0
[2026-07-31 09:42:11] 	Maximum resident set size (kbytes): 17563328
[2026-07-31 09:42:11] 	Average resident set size (kbytes): 0
[2026-07-31 09:42:11] 	Major (requiring I/O) page faults: 0
[2026-07-31 09:42:11] 	Minor (reclaiming a frame) page faults: 28313130
[2026-07-31 09:42:11] 	Voluntary context switches: 2
[2026-07-31 09:42:11] 	Involuntary context switches: 7458
[2026-07-31 09:42:11] 	Swaps: 0
[2026-07-31 09:42:11] 	File system inputs: 0
[2026-07-31 09:42:11] 	File system outputs: 112
[2026-07-31 09:42:11] 	Socket messages sent: 0
[2026-07-31 09:42:11] 	Socket messages received: 0
[2026-07-31 09:42:11] 	Signals delivered: 0
[2026-07-31 09:42:11] 	Page size (bytes): 4096
[2026-07-31 09:42:11] 	Exit status: 0
==== character 4 ====
[2026-07-31 07:58:39] CHARACTER_DRIVER threads=1 stack_max_MiB=24576
[2026-07-31 07:58:39] CHARACTER_DRIVER index=4 D=-77778287
[2026-07-31 07:58:39] BASE_BNF_CERTIFIED
[2026-07-31 07:58:39] prescribed t = [1, 1, 0]
[2026-07-31 08:05:29]   ***   Warning: increasing stack size to 2147483648.
[2026-07-31 08:09:38]   ***   Warning: increasing stack size to 4294967296.
[2026-07-31 08:30:51]   *** _ZM_mul_worker: Warning: increasing stack size to 8589934592.
[2026-07-31 09:26:42]   ***   Warning: increasing stack size to 17179869184.
[2026-07-31 09:42:00] 
[2026-07-31 09:42:00] MASSEY_ARITHMETIC_AUDIT character certificate
[2026-07-31 09:42:00]   prescribed t = [1, 1, 0]
[2026-07-31 09:42:00]   chi = [24, 2, 0]
[2026-07-31 09:42:00]   H = [5, 4, 0; 0, 1, 0; 0, 0, 1]
[2026-07-31 09:42:00]   det(H) = 5; [Cl(K):H] = 5
[2026-07-31 09:42:00]   class-field modulus = 1 (ordinary class group)
[2026-07-31 09:42:00]   relative degree = 5; disc(L) = disc(K)^5 = -2846373384198611508231776661040606460207; finite-unramified=PASS
[2026-07-31 09:42:00]   H column 1: t(h)=0 PASS
[2026-07-31 09:42:00]   H column 2: t(h)=0 PASS
[2026-07-31 09:42:00]   H column 3: t(h)=0 PASS
[2026-07-31 09:42:00]   A=[1, 1, 0] lambda=1 u=1 lambda/u=1 sigma_t/sigma_Artin=1
[2026-07-31 09:42:00]   generator g_1: Artin exponent A_i=1; relative to sigma_t=1; prescribed t_i=1 PASS
[2026-07-31 09:42:00]   generator g_2: Artin exponent A_i=1; relative to sigma_t=1; prescribed t_i=1 PASS
[2026-07-31 09:42:00]   generator g_3: Artin exponent A_i=0; relative to sigma_t=0; prescribed t_i=0 PASS
[2026-07-31 09:42:00]   direct AC and independent norm-class checks
[2026-07-31 09:42:00]   input e_1: AC1_COMPACT_DIVISOR=PASS AC2_UNIT_STATUS=PASS AC2_MODULAR_SIGN=PASS AC2_UNIT_COORD=PASS independent D=[3, 2, 1] production D=[3, 2, 1] MATCH
[2026-07-31 09:42:00]     rational_prime=7 prime_ideal=[7, [6, 1]~, 1, 1, [0, -19444572; 1, 1]] residue(u)=1 residue(+1)=1 residue(-1)=6 unit_coordinates=[0]~
[2026-07-31 09:42:01]   input e_2: AC1_COMPACT_DIVISOR=PASS AC2_UNIT_STATUS=PASS AC2_MODULAR_SIGN=PASS AC2_UNIT_COORD=PASS independent D=[4, 1, 1] production D=[4, 1, 1] MATCH
[2026-07-31 09:42:01]     rational_prime=7 prime_ideal=[7, [6, 1]~, 1, 1, [0, -19444572; 1, 1]] residue(u)=1 residue(+1)=1 residue(-1)=6 unit_coordinates=[0]~
[2026-07-31 09:42:02]   input e_3: AC1_COMPACT_DIVISOR=PASS AC2_UNIT_STATUS=PASS AC2_MODULAR_SIGN=PASS AC2_UNIT_COORD=PASS independent D=[1, 4, 4] production D=[1, 4, 4] MATCH
[2026-07-31 09:42:02]     rational_prime=7 prime_ideal=[7, [7, 1]~, 1, 1, [-1, -19444572; 1, 0]] residue(u)=1 residue(+1)=1 residue(-1)=6 unit_coordinates=[0]~
[2026-07-31 09:42:02] CHARACTER_DONE index=4 D_t=[3, 4, 1; 2, 1, 4; 1, 1, 4]
[2026-07-31 09:42:02] 	Command being timed: "/home/vogel/massey/Massey-pari/parallelization/character_driver 5 s^2-s+19444572 4 work/D-77778287/mat-4.gp"
[2026-07-31 09:42:02] 	User time (seconds): 6187.67
[2026-07-31 09:42:02] 	System time (seconds): 15.01
[2026-07-31 09:42:02] 	Percent of CPU this job got: 99%
[2026-07-31 09:42:02] 	Elapsed (wall clock) time (h:mm:ss or m:ss): 1:43:22
[2026-07-31 09:42:02] 	Average shared text size (kbytes): 0
[2026-07-31 09:42:02] 	Average unshared data size (kbytes): 0
[2026-07-31 09:42:02] 	Average stack size (kbytes): 0
[2026-07-31 09:42:02] 	Average total size (kbytes): 0
[2026-07-31 09:42:02] 	Maximum resident set size (kbytes): 17563264
[2026-07-31 09:42:02] 	Average resident set size (kbytes): 0
[2026-07-31 09:42:02] 	Major (requiring I/O) page faults: 0
[2026-07-31 09:42:02] 	Minor (reclaiming a frame) page faults: 28313034
[2026-07-31 09:42:02] 	Voluntary context switches: 1
[2026-07-31 09:42:02] 	Involuntary context switches: 11064
[2026-07-31 09:42:02] 	Swaps: 0
[2026-07-31 09:42:02] 	File system inputs: 0
[2026-07-31 09:42:02] 	File system outputs: 264
[2026-07-31 09:42:02] 	Socket messages sent: 0
[2026-07-31 09:42:02] 	Socket messages received: 0
[2026-07-31 09:42:02] 	Signals delivered: 0
[2026-07-31 09:42:02] 	Page size (bytes): 4096
[2026-07-31 09:42:02] 	Exit status: 0
==== character 5 ====
[2026-07-31 12:19:43] CHARACTER_DRIVER threads=1 stack_max_MiB=32768
[2026-07-31 12:19:43] CHARACTER_DRIVER index=5 D=-77778287
[2026-07-31 12:19:43] BASE_BNF_CERTIFIED
[2026-07-31 12:19:43] prescribed t = [1, 0, 1]
[2026-07-31 12:26:19]   ***   Warning: increasing stack size to 2147483648.
[2026-07-31 12:30:19]   ***   Warning: increasing stack size to 4294967296.
[2026-07-31 12:51:07]   *** _ZM_mul_worker: Warning: increasing stack size to 8589934592.
[2026-07-31 13:46:00]   ***   Warning: increasing stack size to 17179869184.
[2026-07-31 14:00:50] 
[2026-07-31 14:00:50] MASSEY_ARITHMETIC_AUDIT character certificate
[2026-07-31 14:00:50]   prescribed t = [1, 0, 1]
[2026-07-31 14:00:50]   chi = [24, 0, 1]
[2026-07-31 14:00:50]   H = [5, 0, 4; 0, 1, 0; 0, 0, 1]
[2026-07-31 14:00:50]   det(H) = 5; [Cl(K):H] = 5
[2026-07-31 14:00:50]   class-field modulus = 1 (ordinary class group)
[2026-07-31 14:00:50]   relative degree = 5; disc(L) = disc(K)^5 = -2846373384198611508231776661040606460207; finite-unramified=PASS
[2026-07-31 14:00:50]   H column 1: t(h)=0 PASS
[2026-07-31 14:00:50]   H column 2: t(h)=0 PASS
[2026-07-31 14:00:50]   H column 3: t(h)=0 PASS
[2026-07-31 14:00:50]   A=[2, 0, 2] lambda=2 u=1 lambda/u=2 sigma_t/sigma_Artin=2
[2026-07-31 14:00:50]   generator g_1: Artin exponent A_i=2; relative to sigma_t=1; prescribed t_i=1 PASS
[2026-07-31 14:00:50]   generator g_2: Artin exponent A_i=0; relative to sigma_t=0; prescribed t_i=0 PASS
[2026-07-31 14:00:50]   generator g_3: Artin exponent A_i=2; relative to sigma_t=1; prescribed t_i=1 PASS
[2026-07-31 14:00:50]   direct AC and independent norm-class checks
[2026-07-31 14:00:50]   input e_1: AC1_COMPACT_DIVISOR=PASS AC2_UNIT_STATUS=PASS AC2_MODULAR_SIGN=PASS AC2_UNIT_COORD=PASS independent D=[3, 0, 2] production D=[3, 0, 2] MATCH
[2026-07-31 14:00:50]     rational_prime=23 prime_ideal=[23, [-7, 1]~, 1, 1, [6, -19444572; 1, 7]] residue(u)=1 residue(+1)=1 residue(-1)=22 unit_coordinates=[0]~
[2026-07-31 14:00:51]   input e_2: AC1_COMPACT_DIVISOR=PASS AC2_UNIT_STATUS=PASS AC2_MODULAR_SIGN=PASS AC2_UNIT_COORD=PASS independent D=[2, 3, 3] production D=[2, 3, 3] MATCH
[2026-07-31 14:00:51]     rational_prime=23 prime_ideal=[23, [-7, 1]~, 1, 1, [6, -19444572; 1, 7]] residue(u)=1 residue(+1)=1 residue(-1)=22 unit_coordinates=[0]~
[2026-07-31 14:00:51]   input e_3: AC1_COMPACT_DIVISOR=PASS AC2_UNIT_STATUS=PASS AC2_MODULAR_SIGN=PASS AC2_UNIT_COORD=PASS independent D=[1, 1, 4] production D=[1, 1, 4] MATCH
[2026-07-31 14:00:51]     rational_prime=23 prime_ideal=[23, [-7, 1]~, 1, 1, [6, -19444572; 1, 7]] residue(u)=1 residue(+1)=1 residue(-1)=22 unit_coordinates=[0]~
[2026-07-31 14:00:51] CHARACTER_DONE index=5 D_t=[3, 2, 1; 0, 3, 1; 2, 3, 4]
[2026-07-31 14:00:52] 	Command being timed: "/home/vogel/massey/Massey-pari/parallelization/character_driver 5 s^2-s+19444572 5 work/D-77778287/mat-5.gp"
[2026-07-31 14:00:52] 	User time (seconds): 6055.54
[2026-07-31 14:00:52] 	System time (seconds): 13.27
[2026-07-31 14:00:52] 	Percent of CPU this job got: 99%
[2026-07-31 14:00:52] 	Elapsed (wall clock) time (h:mm:ss or m:ss): 1:41:08
[2026-07-31 14:00:52] 	Average shared text size (kbytes): 0
[2026-07-31 14:00:52] 	Average unshared data size (kbytes): 0
[2026-07-31 14:00:52] 	Average stack size (kbytes): 0
[2026-07-31 14:00:52] 	Average total size (kbytes): 0
[2026-07-31 14:00:52] 	Maximum resident set size (kbytes): 17563272
[2026-07-31 14:00:52] 	Average resident set size (kbytes): 0
[2026-07-31 14:00:52] 	Major (requiring I/O) page faults: 0
[2026-07-31 14:00:52] 	Minor (reclaiming a frame) page faults: 28312989
[2026-07-31 14:00:52] 	Voluntary context switches: 1
[2026-07-31 14:00:52] 	Involuntary context switches: 14357
[2026-07-31 14:00:52] 	Swaps: 0
[2026-07-31 14:00:52] 	File system inputs: 0
[2026-07-31 14:00:52] 	File system outputs: 120
[2026-07-31 14:00:52] 	Socket messages sent: 0
[2026-07-31 14:00:52] 	Socket messages received: 0
[2026-07-31 14:00:52] 	Signals delivered: 0
[2026-07-31 14:00:52] 	Page size (bytes): 4096
[2026-07-31 14:00:52] 	Exit status: 0
==== character 6 ====
[2026-07-31 12:19:43] CHARACTER_DRIVER threads=1 stack_max_MiB=32768
[2026-07-31 12:19:43] CHARACTER_DRIVER index=6 D=-77778287
[2026-07-31 12:19:43] BASE_BNF_CERTIFIED
[2026-07-31 12:19:43] prescribed t = [0, 1, 1]
[2026-07-31 12:26:19]   ***   Warning: increasing stack size to 2147483648.
[2026-07-31 12:30:21]   ***   Warning: increasing stack size to 4294967296.
[2026-07-31 12:51:25]   *** _ZM_mul_worker: Warning: increasing stack size to 8589934592.
[2026-07-31 13:46:41]   ***   Warning: increasing stack size to 17179869184.
[2026-07-31 14:01:39] 
[2026-07-31 14:01:39] MASSEY_ARITHMETIC_AUDIT character certificate
[2026-07-31 14:01:39]   prescribed t = [0, 1, 1]
[2026-07-31 14:01:39]   chi = [0, 2, 1]
[2026-07-31 14:01:39]   H = [1, 0, 0; 0, 5, 4; 0, 0, 1]
[2026-07-31 14:01:39]   det(H) = 5; [Cl(K):H] = 5
[2026-07-31 14:01:39]   class-field modulus = 1 (ordinary class group)
[2026-07-31 14:01:39]   relative degree = 5; disc(L) = disc(K)^5 = -2846373384198611508231776661040606460207; finite-unramified=PASS
[2026-07-31 14:01:39]   H column 1: t(h)=0 PASS
[2026-07-31 14:01:39]   H column 2: t(h)=0 PASS
[2026-07-31 14:01:39]   H column 3: t(h)=0 PASS
[2026-07-31 14:01:39]   A=[0, 4, 4] lambda=4 u=1 lambda/u=4 sigma_t/sigma_Artin=4
[2026-07-31 14:01:39]   generator g_1: Artin exponent A_i=0; relative to sigma_t=0; prescribed t_i=0 PASS
[2026-07-31 14:01:39]   generator g_2: Artin exponent A_i=4; relative to sigma_t=1; prescribed t_i=1 PASS
[2026-07-31 14:01:39]   generator g_3: Artin exponent A_i=4; relative to sigma_t=1; prescribed t_i=1 PASS
[2026-07-31 14:01:39]   direct AC and independent norm-class checks
[2026-07-31 14:01:39]   input e_1: AC1_COMPACT_DIVISOR=PASS AC2_UNIT_STATUS=PASS AC2_MODULAR_SIGN=PASS AC2_UNIT_COORD=PASS independent D=[3, 1, 4] production D=[3, 1, 4] MATCH
[2026-07-31 14:01:39]     rational_prime=7 prime_ideal=[7, [6, 1]~, 1, 1, [0, -19444572; 1, 1]] residue(u)=1 residue(+1)=1 residue(-1)=6 unit_coordinates=[0]~
[2026-07-31 14:01:40]   input e_2: AC1_COMPACT_DIVISOR=PASS AC2_UNIT_STATUS=PASS AC2_MODULAR_SIGN=PASS AC2_UNIT_COORD=PASS independent D=[4, 0, 0] production D=[4, 0, 0] MATCH
[2026-07-31 14:01:40]     rational_prime=7 prime_ideal=[7, [6, 1]~, 1, 1, [0, -19444572; 1, 1]] residue(u)=1 residue(+1)=1 residue(-1)=6 unit_coordinates=[0]~
[2026-07-31 14:01:40]   input e_3: AC1_COMPACT_DIVISOR=PASS AC2_UNIT_STATUS=PASS AC2_MODULAR_SIGN=PASS AC2_UNIT_COORD=PASS independent D=[1, 2, 3] production D=[1, 2, 3] MATCH
[2026-07-31 14:01:40]     rational_prime=7 prime_ideal=[7, [7, 1]~, 1, 1, [-1, -19444572; 1, 0]] residue(u)=1 residue(+1)=1 residue(-1)=6 unit_coordinates=[0]~
[2026-07-31 14:01:40] CHARACTER_DONE index=6 D_t=[3, 4, 1; 1, 0, 2; 4, 0, 3]
[2026-07-31 14:01:40] 	Command being timed: "/home/vogel/massey/Massey-pari/parallelization/character_driver 5 s^2-s+19444572 6 work/D-77778287/mat-6.gp"
[2026-07-31 14:01:40] 	User time (seconds): 6102.70
[2026-07-31 14:01:40] 	System time (seconds): 14.76
[2026-07-31 14:01:40] 	Percent of CPU this job got: 99%
[2026-07-31 14:01:40] 	Elapsed (wall clock) time (h:mm:ss or m:ss): 1:41:57
[2026-07-31 14:01:40] 	Average shared text size (kbytes): 0
[2026-07-31 14:01:40] 	Average unshared data size (kbytes): 0
[2026-07-31 14:01:40] 	Average stack size (kbytes): 0
[2026-07-31 14:01:40] 	Average total size (kbytes): 0
[2026-07-31 14:01:40] 	Maximum resident set size (kbytes): 17563800
[2026-07-31 14:01:40] 	Average resident set size (kbytes): 0
[2026-07-31 14:01:40] 	Major (requiring I/O) page faults: 0
[2026-07-31 14:01:40] 	Minor (reclaiming a frame) page faults: 28312968
[2026-07-31 14:01:40] 	Voluntary context switches: 2
[2026-07-31 14:01:40] 	Involuntary context switches: 8179
[2026-07-31 14:01:40] 	Swaps: 0
[2026-07-31 14:01:40] 	File system inputs: 0
[2026-07-31 14:01:40] 	File system outputs: 112
[2026-07-31 14:01:40] 	Socket messages sent: 0
[2026-07-31 14:01:40] 	Socket messages received: 0
[2026-07-31 14:01:40] 	Signals delivered: 0
[2026-07-31 14:01:40] 	Page size (bytes): 4096
[2026-07-31 14:01:40] 	Exit status: 0
==== finish ====
BASE_BNF_CERTIFIED
P_CLASS_RANK 3
SECONDARY_NORMS COLLECTED
MASSEY_RANK 3
STRONG_FREENESS PASS
LEADING_WORDS ["bba", "bcc", "bca"]
MILD PASS
RESULT_WRITTEN work/D-77778287/result.gp
