BASE_BNF_CERTIFIED=PASS BASE_INTEGRAL_BASIS=PASS RELATION_ORIENTATION=NEGATIVE_TRANSGRESSION_DUAL

x1/e1  FIELD_MODEL_COMPATIBILITY=PASS ARTIN_CHARACTER=PASS SIGMA_NORMALIZATION=PASS AC1=PASS AC2=PASS J_TERM=PASS FINAL_CLASS=[2, 1, 1]
x1/e2  FIELD_MODEL_COMPATIBILITY=PASS ARTIN_CHARACTER=PASS SIGMA_NORMALIZATION=PASS AC1=PASS AC2=PASS J_TERM=PASS FINAL_CLASS=[0, 1, 0]
x1/e3  FIELD_MODEL_COMPATIBILITY=PASS ARTIN_CHARACTER=PASS SIGMA_NORMALIZATION=PASS AC1=PASS AC2=PASS J_TERM=PASS FINAL_CLASS=[0, 2, 1]
x2/e1  FIELD_MODEL_COMPATIBILITY=PASS ARTIN_CHARACTER=PASS SIGMA_NORMALIZATION=PASS AC1=PASS AC2=PASS J_TERM=PASS FINAL_CLASS=[0, 0, 0]
x2/e2  FIELD_MODEL_COMPATIBILITY=PASS ARTIN_CHARACTER=PASS SIGMA_NORMALIZATION=PASS AC1=PASS AC2=PASS J_TERM=PASS FINAL_CLASS=[2, 2, 1]
x2/e3  FIELD_MODEL_COMPATIBILITY=PASS ARTIN_CHARACTER=PASS SIGMA_NORMALIZATION=PASS AC1=PASS AC2=PASS J_TERM=PASS FINAL_CLASS=[2, 0, 2]
x3/e1  FIELD_MODEL_COMPATIBILITY=PASS ARTIN_CHARACTER=PASS SIGMA_NORMALIZATION=PASS AC1=PASS AC2=PASS J_TERM=PASS FINAL_CLASS=[0, 1, 0]
x3/e2  FIELD_MODEL_COMPATIBILITY=PASS ARTIN_CHARACTER=PASS SIGMA_NORMALIZATION=PASS AC1=PASS AC2=PASS J_TERM=PASS FINAL_CLASS=[0, 0, 0]
x3/e3  FIELD_MODEL_COMPATIBILITY=PASS ARTIN_CHARACTER=PASS SIGMA_NORMALIZATION=PASS AC1=PASS AC2=PASS J_TERM=PASS FINAL_CLASS=[1, 1, 2]
x1+x2+x3/e1  FIELD_MODEL_COMPATIBILITY=PASS ARTIN_CHARACTER=PASS SIGMA_NORMALIZATION=PASS AC1=PASS AC2=PASS J_TERM=PASS FINAL_CLASS=[0, 0, 2]
x1+x2+x3/e2  FIELD_MODEL_COMPATIBILITY=PASS ARTIN_CHARACTER=PASS SIGMA_NORMALIZATION=PASS AC1=PASS AC2=PASS J_TERM=PASS FINAL_CLASS=[0, 1, 1]
x1+x2+x3/e3  FIELD_MODEL_COMPATIBILITY=PASS ARTIN_CHARACTER=PASS SIGMA_NORMALIZATION=PASS AC1=PASS AC2=PASS J_TERM=PASS FINAL_CLASS=[2, 2, 1]
x1+x2/e1  FIELD_MODEL_COMPATIBILITY=PASS ARTIN_CHARACTER=PASS SIGMA_NORMALIZATION=PASS AC1=PASS AC2=PASS J_TERM=PASS FINAL_CLASS=[1, 1, 0]
x1+x2/e2  FIELD_MODEL_COMPATIBILITY=PASS ARTIN_CHARACTER=PASS SIGMA_NORMALIZATION=PASS AC1=PASS AC2=PASS J_TERM=PASS FINAL_CLASS=[1, 1, 1]
x1+x2/e3  FIELD_MODEL_COMPATIBILITY=PASS ARTIN_CHARACTER=PASS SIGMA_NORMALIZATION=PASS AC1=PASS AC2=PASS J_TERM=PASS FINAL_CLASS=[0, 0, 1]
x1+x3/e1  FIELD_MODEL_COMPATIBILITY=PASS ARTIN_CHARACTER=PASS SIGMA_NORMALIZATION=PASS AC1=PASS AC2=PASS J_TERM=PASS FINAL_CLASS=[1, 0, 1]
x1+x3/e2  FIELD_MODEL_COMPATIBILITY=PASS ARTIN_CHARACTER=PASS SIGMA_NORMALIZATION=PASS AC1=PASS AC2=PASS J_TERM=PASS FINAL_CLASS=[0, 2, 0]
x1+x3/e3  FIELD_MODEL_COMPATIBILITY=PASS ARTIN_CHARACTER=PASS SIGMA_NORMALIZATION=PASS AC1=PASS AC2=PASS J_TERM=PASS FINAL_CLASS=[0, 0, 2]
D_x1=[2, 0, 0; 1, 1, 2; 1, 0, 1]
D_x2=[0, 2, 2; 0, 2, 0; 0, 1, 2]
D_x3=[0, 0, 1; 1, 0, 1; 0, 0, 2]
D_(x1+x2+x3)=[0, 0, 2; 0, 1, 2; 2, 1, 1]
D_(x1+x2)=[1, 1, 0; 1, 1, 0; 0, 1, 1]
D_(x1+x3)=[1, 0, 0; 0, 2, 0; 1, 0, 2]
SHUFFLE_IDENTITIES=PASS
EXPECTED_TENSOR_MATCH=PASS
TENSOR_3_BY_27=[[2, 1, 1, 1, 0, 2, 1, 1, 0, 1, 0, 0, 0, 0, 0, 1, 0, 1, 1, 0, 0, 2, 0, 1, 0, 1, 0], [0, 1, 0, 1, 2, 2, 0, 0, 0, 1, 2, 1, 2, 2, 1, 0, 1, 0, 0, 1, 0, 2, 1, 0, 0, 0, 0], [0, 2, 1, 2, 2, 0, 1, 2, 1, 2, 2, 1, 2, 0, 2, 2, 2, 1, 1, 1, 1, 0, 2, 1, 1, 1, 2]]

CERTIFICATE VERIFIED
