==== character 1 ====
[2026-07-30 03:37:08] CHARACTER_DRIVER index=1 D=-93121640
[2026-07-30 03:37:08] BASE_BNF_CERTIFIED
[2026-07-30 03:37:08] prescribed t = [1, 0, 0]
[2026-07-30 03:42:07] 
[2026-07-30 03:42:07] MASSEY_ARITHMETIC_AUDIT character certificate
[2026-07-30 03:42:07]   prescribed t = [1, 0, 0]
[2026-07-30 03:42:07]   chi = [18, 0, 0]
[2026-07-30 03:42:07]   H = [5, 0, 0; 0, 1, 0; 0, 0, 1]
[2026-07-30 03:42:07]   det(H) = 5; [Cl(K):H] = 5
[2026-07-30 03:42:07]   class-field modulus = 1 (ordinary class group)
[2026-07-30 03:42:07]   relative degree = 5; disc(L) = disc(K)^5 = -7002499387007656523110462862970982400000; finite-unramified=PASS
[2026-07-30 03:42:07]   H column 1: t(h)=0 PASS
[2026-07-30 03:42:07]   H column 2: t(h)=0 PASS
[2026-07-30 03:42:07]   H column 3: t(h)=0 PASS
[2026-07-30 03:42:07]   A=[4, 0, 0] lambda=4 u=1 lambda/u=4 sigma_t/sigma_Artin=4
[2026-07-30 03:42:07]   generator g_1: Artin exponent A_i=4; relative to sigma_t=1; prescribed t_i=1 PASS
[2026-07-30 03:42:07]   generator g_2: Artin exponent A_i=0; relative to sigma_t=0; prescribed t_i=0 PASS
[2026-07-30 03:42:07]   generator g_3: Artin exponent A_i=0; relative to sigma_t=0; prescribed t_i=0 PASS
[2026-07-30 03:42:07]   direct AC and independent norm-class checks
[2026-07-30 03:42:08]   input e_1: AC1_COMPACT_DIVISOR=PASS AC2_UNIT_STATUS=PASS AC2_MODULAR_SIGN=PASS AC2_UNIT_COORD=PASS independent D=[0, 1, 2] production D=[0, 1, 2] MATCH
[2026-07-30 03:42:08]     rational_prime=7 prime_ideal=[7, [-1, 1]~, 1, 1, [1, -23280410; 1, 1]] residue(u)=1 residue(+1)=1 residue(-1)=6 unit_coordinates=[0]~
[2026-07-30 03:42:09]   input e_2: AC1_COMPACT_DIVISOR=PASS AC2_UNIT_STATUS=PASS AC2_MODULAR_SIGN=PASS AC2_UNIT_COORD=PASS independent D=[0, 0, 0] production D=[0, 0, 0] MATCH
[2026-07-30 03:42:09]     rational_prime=7 prime_ideal=[7, [-1, 1]~, 1, 1, [1, -23280410; 1, 1]] residue(u)=1 residue(+1)=1 residue(-1)=6 unit_coordinates=[0]~
[2026-07-30 03:42:10]   input e_3: AC1_COMPACT_DIVISOR=PASS AC2_UNIT_STATUS=PASS AC2_MODULAR_SIGN=PASS AC2_UNIT_COORD=PASS independent D=[0, 3, 4] production D=[0, 3, 4] MATCH
[2026-07-30 03:42:10]     rational_prime=7 prime_ideal=[7, [-1, 1]~, 1, 1, [1, -23280410; 1, 1]] residue(u)=1 residue(+1)=1 residue(-1)=6 unit_coordinates=[0]~
[2026-07-30 03:42:10] CHARACTER_DONE index=1 D_t=[0, 0, 0; 1, 0, 3; 2, 0, 4]
[2026-07-30 03:42:10] 	Command being timed: "/home/denis/massey/Massey-pari/parallelization/character_driver 5 s^2+23280410 1 work/D-93121640/mat-1.gp"
[2026-07-30 03:42:10] 	User time (seconds): 301.41
[2026-07-30 03:42:10] 	System time (seconds): 0.46
[2026-07-30 03:42:10] 	Percent of CPU this job got: 99%
[2026-07-30 03:42:10] 	Elapsed (wall clock) time (h:mm:ss or m:ss): 5:02.06
[2026-07-30 03:42:10] 	Average shared text size (kbytes): 0
[2026-07-30 03:42:10] 	Average unshared data size (kbytes): 0
[2026-07-30 03:42:10] 	Average stack size (kbytes): 0
[2026-07-30 03:42:10] 	Average total size (kbytes): 0
[2026-07-30 03:42:10] 	Maximum resident set size (kbytes): 438636
[2026-07-30 03:42:10] 	Average resident set size (kbytes): 0
[2026-07-30 03:42:10] 	Major (requiring I/O) page faults: 0
[2026-07-30 03:42:10] 	Minor (reclaiming a frame) page faults: 165664
[2026-07-30 03:42:10] 	Voluntary context switches: 32
[2026-07-30 03:42:10] 	Involuntary context switches: 94
[2026-07-30 03:42:10] 	Swaps: 0
[2026-07-30 03:42:10] 	File system inputs: 0
[2026-07-30 03:42:10] 	File system outputs: 160
[2026-07-30 03:42:10] 	Socket messages sent: 0
[2026-07-30 03:42:10] 	Socket messages received: 0
[2026-07-30 03:42:10] 	Signals delivered: 0
[2026-07-30 03:42:10] 	Page size (bytes): 4096
[2026-07-30 03:42:10] 	Exit status: 0
==== character 2 ====
[2026-07-30 03:37:08] CHARACTER_DRIVER index=2 D=-93121640
[2026-07-30 03:37:08] BASE_BNF_CERTIFIED
[2026-07-30 03:37:08] prescribed t = [0, 1, 0]
[2026-07-30 03:42:11] 
[2026-07-30 03:42:11] MASSEY_ARITHMETIC_AUDIT character certificate
[2026-07-30 03:42:11]   prescribed t = [0, 1, 0]
[2026-07-30 03:42:11]   chi = [0, 2, 0]
[2026-07-30 03:42:11]   H = [1, 0, 0; 0, 5, 0; 0, 0, 1]
[2026-07-30 03:42:11]   det(H) = 5; [Cl(K):H] = 5
[2026-07-30 03:42:11]   class-field modulus = 1 (ordinary class group)
[2026-07-30 03:42:11]   relative degree = 5; disc(L) = disc(K)^5 = -7002499387007656523110462862970982400000; finite-unramified=PASS
[2026-07-30 03:42:11]   H column 1: t(h)=0 PASS
[2026-07-30 03:42:11]   H column 2: t(h)=0 PASS
[2026-07-30 03:42:11]   H column 3: t(h)=0 PASS
[2026-07-30 03:42:11]   A=[0, 2, 0] lambda=2 u=1 lambda/u=2 sigma_t/sigma_Artin=2
[2026-07-30 03:42:11]   generator g_1: Artin exponent A_i=0; relative to sigma_t=0; prescribed t_i=0 PASS
[2026-07-30 03:42:11]   generator g_2: Artin exponent A_i=2; relative to sigma_t=1; prescribed t_i=1 PASS
[2026-07-30 03:42:11]   generator g_3: Artin exponent A_i=0; relative to sigma_t=0; prescribed t_i=0 PASS
[2026-07-30 03:42:11]   direct AC and independent norm-class checks
[2026-07-30 03:42:12]   input e_1: AC1_COMPACT_DIVISOR=PASS AC2_UNIT_STATUS=PASS AC2_MODULAR_SIGN=PASS AC2_UNIT_COORD=PASS independent D=[1, 0, 2] production D=[1, 0, 2] MATCH
[2026-07-30 03:42:12]     rational_prime=7 prime_ideal=[7, [-1, 1]~, 1, 1, [1, -23280410; 1, 1]] residue(u)=1 residue(+1)=1 residue(-1)=6 unit_coordinates=[0]~
[2026-07-30 03:42:13]   input e_2: AC1_COMPACT_DIVISOR=PASS AC2_UNIT_STATUS=PASS AC2_MODULAR_SIGN=PASS AC2_UNIT_COORD=PASS independent D=[2, 0, 4] production D=[2, 0, 4] MATCH
[2026-07-30 03:42:13]     rational_prime=7 prime_ideal=[7, [-1, 1]~, 1, 1, [1, -23280410; 1, 1]] residue(u)=1 residue(+1)=1 residue(-1)=6 unit_coordinates=[0]~
[2026-07-30 03:42:13]   input e_3: AC1_COMPACT_DIVISOR=PASS AC2_UNIT_STATUS=PASS AC2_MODULAR_SIGN=PASS AC2_UNIT_COORD=PASS independent D=[3, 0, 4] production D=[3, 0, 4] MATCH
[2026-07-30 03:42:13]     rational_prime=7 prime_ideal=[7, [-1, 1]~, 1, 1, [1, -23280410; 1, 1]] residue(u)=1 residue(+1)=1 residue(-1)=6 unit_coordinates=[0]~
[2026-07-30 03:42:13] CHARACTER_DONE index=2 D_t=[1, 2, 3; 0, 0, 0; 2, 4, 4]
[2026-07-30 03:42:14] 	Command being timed: "/home/denis/massey/Massey-pari/parallelization/character_driver 5 s^2+23280410 2 work/D-93121640/mat-2.gp"
[2026-07-30 03:42:14] 	User time (seconds): 304.83
[2026-07-30 03:42:14] 	System time (seconds): 0.39
[2026-07-30 03:42:14] 	Percent of CPU this job got: 99%
[2026-07-30 03:42:14] 	Elapsed (wall clock) time (h:mm:ss or m:ss): 5:05.32
[2026-07-30 03:42:14] 	Average shared text size (kbytes): 0
[2026-07-30 03:42:14] 	Average unshared data size (kbytes): 0
[2026-07-30 03:42:14] 	Average stack size (kbytes): 0
[2026-07-30 03:42:14] 	Average total size (kbytes): 0
[2026-07-30 03:42:14] 	Maximum resident set size (kbytes): 438604
[2026-07-30 03:42:14] 	Average resident set size (kbytes): 0
[2026-07-30 03:42:14] 	Major (requiring I/O) page faults: 0
[2026-07-30 03:42:14] 	Minor (reclaiming a frame) page faults: 165653
[2026-07-30 03:42:14] 	Voluntary context switches: 39
[2026-07-30 03:42:14] 	Involuntary context switches: 131
[2026-07-30 03:42:14] 	Swaps: 0
[2026-07-30 03:42:14] 	File system inputs: 0
[2026-07-30 03:42:14] 	File system outputs: 80
[2026-07-30 03:42:14] 	Socket messages sent: 0
[2026-07-30 03:42:14] 	Socket messages received: 0
[2026-07-30 03:42:14] 	Signals delivered: 0
[2026-07-30 03:42:14] 	Page size (bytes): 4096
[2026-07-30 03:42:14] 	Exit status: 0
==== character 3 ====
[2026-07-30 03:37:08] CHARACTER_DRIVER index=3 D=-93121640
[2026-07-30 03:37:08] BASE_BNF_CERTIFIED
[2026-07-30 03:37:08] prescribed t = [0, 0, 1]
[2026-07-30 03:42:09] 
[2026-07-30 03:42:09] MASSEY_ARITHMETIC_AUDIT character certificate
[2026-07-30 03:42:09]   prescribed t = [0, 0, 1]
[2026-07-30 03:42:09]   chi = [0, 0, 2]
[2026-07-30 03:42:09]   H = [1, 0, 0; 0, 1, 0; 0, 0, 5]
[2026-07-30 03:42:09]   det(H) = 5; [Cl(K):H] = 5
[2026-07-30 03:42:09]   class-field modulus = 1 (ordinary class group)
[2026-07-30 03:42:09]   relative degree = 5; disc(L) = disc(K)^5 = -7002499387007656523110462862970982400000; finite-unramified=PASS
[2026-07-30 03:42:09]   H column 1: t(h)=0 PASS
[2026-07-30 03:42:09]   H column 2: t(h)=0 PASS
[2026-07-30 03:42:09]   H column 3: t(h)=0 PASS
[2026-07-30 03:42:09]   A=[0, 0, 2] lambda=2 u=1 lambda/u=2 sigma_t/sigma_Artin=2
[2026-07-30 03:42:09]   generator g_1: Artin exponent A_i=0; relative to sigma_t=0; prescribed t_i=0 PASS
[2026-07-30 03:42:09]   generator g_2: Artin exponent A_i=0; relative to sigma_t=0; prescribed t_i=0 PASS
[2026-07-30 03:42:09]   generator g_3: Artin exponent A_i=2; relative to sigma_t=1; prescribed t_i=1 PASS
[2026-07-30 03:42:09]   direct AC and independent norm-class checks
[2026-07-30 03:42:10]   input e_1: AC1_COMPACT_DIVISOR=PASS AC2_UNIT_STATUS=PASS AC2_MODULAR_SIGN=PASS AC2_UNIT_COORD=PASS independent D=[1, 4, 0] production D=[1, 4, 0] MATCH
[2026-07-30 03:42:10]     rational_prime=13 prime_ideal=[13, [-9, 1]~, 1, 1, [-4, -23280410; 1, -4]] residue(u)=1 residue(+1)=1 residue(-1)=12 unit_coordinates=[0]~
[2026-07-30 03:42:11]   input e_2: AC1_COMPACT_DIVISOR=PASS AC2_UNIT_STATUS=PASS AC2_MODULAR_SIGN=PASS AC2_UNIT_COORD=PASS independent D=[0, 3, 0] production D=[0, 3, 0] MATCH
[2026-07-30 03:42:11]     rational_prime=13 prime_ideal=[13, [-9, 1]~, 1, 1, [-4, -23280410; 1, -4]] residue(u)=1 residue(+1)=1 residue(-1)=12 unit_coordinates=[0]~
[2026-07-30 03:42:12]   input e_3: AC1_COMPACT_DIVISOR=PASS AC2_UNIT_STATUS=PASS AC2_MODULAR_SIGN=PASS AC2_UNIT_COORD=PASS independent D=[4, 2, 0] production D=[4, 2, 0] MATCH
[2026-07-30 03:42:12]     rational_prime=13 prime_ideal=[13, [-9, 1]~, 1, 1, [-4, -23280410; 1, -4]] residue(u)=1 residue(+1)=1 residue(-1)=12 unit_coordinates=[0]~
[2026-07-30 03:42:12] CHARACTER_DONE index=3 D_t=[1, 0, 4; 4, 3, 2; 0, 0, 0]
[2026-07-30 03:42:12] 	Command being timed: "/home/denis/massey/Massey-pari/parallelization/character_driver 5 s^2+23280410 3 work/D-93121640/mat-3.gp"
[2026-07-30 03:42:12] 	User time (seconds): 303.04
[2026-07-30 03:42:12] 	System time (seconds): 0.51
[2026-07-30 03:42:12] 	Percent of CPU this job got: 99%
[2026-07-30 03:42:12] 	Elapsed (wall clock) time (h:mm:ss or m:ss): 5:03.69
[2026-07-30 03:42:12] 	Average shared text size (kbytes): 0
[2026-07-30 03:42:12] 	Average unshared data size (kbytes): 0
[2026-07-30 03:42:12] 	Average stack size (kbytes): 0
[2026-07-30 03:42:12] 	Average total size (kbytes): 0
[2026-07-30 03:42:12] 	Maximum resident set size (kbytes): 438408
[2026-07-30 03:42:12] 	Average resident set size (kbytes): 0
[2026-07-30 03:42:12] 	Major (requiring I/O) page faults: 0
[2026-07-30 03:42:12] 	Minor (reclaiming a frame) page faults: 165627
[2026-07-30 03:42:12] 	Voluntary context switches: 10
[2026-07-30 03:42:12] 	Involuntary context switches: 150
[2026-07-30 03:42:12] 	Swaps: 0
[2026-07-30 03:42:12] 	File system inputs: 0
[2026-07-30 03:42:12] 	File system outputs: 112
[2026-07-30 03:42:12] 	Socket messages sent: 0
[2026-07-30 03:42:12] 	Socket messages received: 0
[2026-07-30 03:42:12] 	Signals delivered: 0
[2026-07-30 03:42:12] 	Page size (bytes): 4096
[2026-07-30 03:42:12] 	Exit status: 0
==== character 4 ====
[2026-07-30 03:37:08] CHARACTER_DRIVER index=4 D=-93121640
[2026-07-30 03:37:08] BASE_BNF_CERTIFIED
[2026-07-30 03:37:08] prescribed t = [1, 1, 0]
[2026-07-30 03:42:14] 
[2026-07-30 03:42:14] MASSEY_ARITHMETIC_AUDIT character certificate
[2026-07-30 03:42:14]   prescribed t = [1, 1, 0]
[2026-07-30 03:42:14]   chi = [18, 2, 0]
[2026-07-30 03:42:14]   H = [5, 4, 0; 0, 1, 0; 0, 0, 1]
[2026-07-30 03:42:14]   det(H) = 5; [Cl(K):H] = 5
[2026-07-30 03:42:14]   class-field modulus = 1 (ordinary class group)
[2026-07-30 03:42:14]   relative degree = 5; disc(L) = disc(K)^5 = -7002499387007656523110462862970982400000; finite-unramified=PASS
[2026-07-30 03:42:14]   H column 1: t(h)=0 PASS
[2026-07-30 03:42:14]   H column 2: t(h)=0 PASS
[2026-07-30 03:42:14]   H column 3: t(h)=0 PASS
[2026-07-30 03:42:14]   A=[3, 3, 0] lambda=3 u=1 lambda/u=3 sigma_t/sigma_Artin=3
[2026-07-30 03:42:14]   generator g_1: Artin exponent A_i=3; relative to sigma_t=1; prescribed t_i=1 PASS
[2026-07-30 03:42:14]   generator g_2: Artin exponent A_i=3; relative to sigma_t=1; prescribed t_i=1 PASS
[2026-07-30 03:42:14]   generator g_3: Artin exponent A_i=0; relative to sigma_t=0; prescribed t_i=0 PASS
[2026-07-30 03:42:14]   direct AC and independent norm-class checks
[2026-07-30 03:42:15]   input e_1: AC1_COMPACT_DIVISOR=PASS AC2_UNIT_STATUS=PASS AC2_MODULAR_SIGN=PASS AC2_UNIT_COORD=PASS independent D=[0, 0, 0] production D=[0, 0, 0] MATCH
[2026-07-30 03:42:15]     rational_prime=7 prime_ideal=[7, [-1, 1]~, 1, 1, [1, -23280410; 1, 1]] residue(u)=1 residue(+1)=1 residue(-1)=6 unit_coordinates=[0]~
[2026-07-30 03:42:16]   input e_2: AC1_COMPACT_DIVISOR=PASS AC2_UNIT_STATUS=PASS AC2_MODULAR_SIGN=PASS AC2_UNIT_COORD=PASS independent D=[2, 3, 4] production D=[2, 3, 4] MATCH
[2026-07-30 03:42:16]     rational_prime=3 prime_ideal=[3, [1, 1]~, 1, 1, [-1, -23280410; 1, -1]] residue(u)=1 residue(+1)=1 residue(-1)=2 unit_coordinates=[0]~
[2026-07-30 03:42:17]   input e_3: AC1_COMPACT_DIVISOR=PASS AC2_UNIT_STATUS=PASS AC2_MODULAR_SIGN=PASS AC2_UNIT_COORD=PASS independent D=[0, 0, 3] production D=[0, 0, 3] MATCH
[2026-07-30 03:42:17]     rational_prime=3 prime_ideal=[3, [1, 1]~, 1, 1, [-1, -23280410; 1, -1]] residue(u)=1 residue(+1)=1 residue(-1)=2 unit_coordinates=[0]~
[2026-07-30 03:42:17] CHARACTER_DONE index=4 D_t=[0, 2, 0; 0, 3, 0; 0, 4, 3]
[2026-07-30 03:42:17] 	Command being timed: "/home/denis/massey/Massey-pari/parallelization/character_driver 5 s^2+23280410 4 work/D-93121640/mat-4.gp"
[2026-07-30 03:42:17] 	User time (seconds): 308.54
[2026-07-30 03:42:17] 	System time (seconds): 0.46
[2026-07-30 03:42:17] 	Percent of CPU this job got: 100%
[2026-07-30 03:42:17] 	Elapsed (wall clock) time (h:mm:ss or m:ss): 5:08.99
[2026-07-30 03:42:17] 	Average shared text size (kbytes): 0
[2026-07-30 03:42:17] 	Average unshared data size (kbytes): 0
[2026-07-30 03:42:17] 	Average stack size (kbytes): 0
[2026-07-30 03:42:17] 	Average total size (kbytes): 0
[2026-07-30 03:42:17] 	Maximum resident set size (kbytes): 438624
[2026-07-30 03:42:17] 	Average resident set size (kbytes): 0
[2026-07-30 03:42:17] 	Major (requiring I/O) page faults: 0
[2026-07-30 03:42:17] 	Minor (reclaiming a frame) page faults: 165655
[2026-07-30 03:42:17] 	Voluntary context switches: 34
[2026-07-30 03:42:17] 	Involuntary context switches: 131
[2026-07-30 03:42:17] 	Swaps: 0
[2026-07-30 03:42:17] 	File system inputs: 0
[2026-07-30 03:42:17] 	File system outputs: 152
[2026-07-30 03:42:17] 	Socket messages sent: 0
[2026-07-30 03:42:17] 	Socket messages received: 0
[2026-07-30 03:42:17] 	Signals delivered: 0
[2026-07-30 03:42:17] 	Page size (bytes): 4096
[2026-07-30 03:42:17] 	Exit status: 0
==== character 5 ====
[2026-07-30 03:37:08] CHARACTER_DRIVER index=5 D=-93121640
[2026-07-30 03:37:08] BASE_BNF_CERTIFIED
[2026-07-30 03:37:08] prescribed t = [1, 0, 1]
[2026-07-30 03:42:06] 
[2026-07-30 03:42:06] MASSEY_ARITHMETIC_AUDIT character certificate
[2026-07-30 03:42:06]   prescribed t = [1, 0, 1]
[2026-07-30 03:42:06]   chi = [18, 0, 2]
[2026-07-30 03:42:06]   H = [5, 0, 4; 0, 1, 0; 0, 0, 1]
[2026-07-30 03:42:06]   det(H) = 5; [Cl(K):H] = 5
[2026-07-30 03:42:06]   class-field modulus = 1 (ordinary class group)
[2026-07-30 03:42:06]   relative degree = 5; disc(L) = disc(K)^5 = -7002499387007656523110462862970982400000; finite-unramified=PASS
[2026-07-30 03:42:06]   H column 1: t(h)=0 PASS
[2026-07-30 03:42:06]   H column 2: t(h)=0 PASS
[2026-07-30 03:42:06]   H column 3: t(h)=0 PASS
[2026-07-30 03:42:06]   A=[3, 0, 3] lambda=3 u=1 lambda/u=3 sigma_t/sigma_Artin=3
[2026-07-30 03:42:06]   generator g_1: Artin exponent A_i=3; relative to sigma_t=1; prescribed t_i=1 PASS
[2026-07-30 03:42:06]   generator g_2: Artin exponent A_i=0; relative to sigma_t=0; prescribed t_i=0 PASS
[2026-07-30 03:42:06]   generator g_3: Artin exponent A_i=3; relative to sigma_t=1; prescribed t_i=1 PASS
[2026-07-30 03:42:06]   direct AC and independent norm-class checks
[2026-07-30 03:42:07]   input e_1: AC1_COMPACT_DIVISOR=PASS AC2_UNIT_STATUS=PASS AC2_MODULAR_SIGN=PASS AC2_UNIT_COORD=PASS independent D=[4, 2, 1] production D=[4, 2, 1] MATCH
[2026-07-30 03:42:07]     rational_prime=7 prime_ideal=[7, [-1, 1]~, 1, 1, [1, -23280410; 1, 1]] residue(u)=1 residue(+1)=1 residue(-1)=6 unit_coordinates=[0]~
[2026-07-30 03:42:08]   input e_2: AC1_COMPACT_DIVISOR=PASS AC2_UNIT_STATUS=PASS AC2_MODULAR_SIGN=PASS AC2_UNIT_COORD=PASS independent D=[0, 1, 0] production D=[0, 1, 0] MATCH
[2026-07-30 03:42:08]     rational_prime=7 prime_ideal=[7, [-1, 1]~, 1, 1, [1, -23280410; 1, 1]] residue(u)=1 residue(+1)=1 residue(-1)=6 unit_coordinates=[0]~
[2026-07-30 03:42:09]   input e_3: AC1_COMPACT_DIVISOR=PASS AC2_UNIT_STATUS=PASS AC2_MODULAR_SIGN=PASS AC2_UNIT_COORD=PASS independent D=[0, 4, 0] production D=[0, 4, 0] MATCH
[2026-07-30 03:42:09]     rational_prime=7 prime_ideal=[7, [-1, 1]~, 1, 1, [1, -23280410; 1, 1]] residue(u)=1 residue(+1)=1 residue(-1)=6 unit_coordinates=[0]~
[2026-07-30 03:42:09] CHARACTER_DONE index=5 D_t=[4, 0, 0; 2, 1, 4; 1, 0, 0]
[2026-07-30 03:42:09] 	Command being timed: "/home/denis/massey/Massey-pari/parallelization/character_driver 5 s^2+23280410 5 work/D-93121640/mat-5.gp"
[2026-07-30 03:42:09] 	User time (seconds): 300.47
[2026-07-30 03:42:09] 	System time (seconds): 0.49
[2026-07-30 03:42:09] 	Percent of CPU this job got: 99%
[2026-07-30 03:42:09] 	Elapsed (wall clock) time (h:mm:ss or m:ss): 5:01.20
[2026-07-30 03:42:09] 	Average shared text size (kbytes): 0
[2026-07-30 03:42:09] 	Average unshared data size (kbytes): 0
[2026-07-30 03:42:09] 	Average stack size (kbytes): 0
[2026-07-30 03:42:09] 	Average total size (kbytes): 0
[2026-07-30 03:42:09] 	Maximum resident set size (kbytes): 438776
[2026-07-30 03:42:09] 	Average resident set size (kbytes): 0
[2026-07-30 03:42:09] 	Major (requiring I/O) page faults: 0
[2026-07-30 03:42:09] 	Minor (reclaiming a frame) page faults: 165572
[2026-07-30 03:42:09] 	Voluntary context switches: 21
[2026-07-30 03:42:09] 	Involuntary context switches: 442
[2026-07-30 03:42:09] 	Swaps: 0
[2026-07-30 03:42:09] 	File system inputs: 0
[2026-07-30 03:42:09] 	File system outputs: 104
[2026-07-30 03:42:09] 	Socket messages sent: 0
[2026-07-30 03:42:09] 	Socket messages received: 0
[2026-07-30 03:42:09] 	Signals delivered: 0
[2026-07-30 03:42:09] 	Page size (bytes): 4096
[2026-07-30 03:42:09] 	Exit status: 0
==== character 6 ====
[2026-07-30 03:37:08] CHARACTER_DRIVER index=6 D=-93121640
[2026-07-30 03:37:08] BASE_BNF_CERTIFIED
[2026-07-30 03:37:08] prescribed t = [0, 1, 1]
[2026-07-30 03:42:09] 
[2026-07-30 03:42:09] MASSEY_ARITHMETIC_AUDIT character certificate
[2026-07-30 03:42:09]   prescribed t = [0, 1, 1]
[2026-07-30 03:42:09]   chi = [0, 2, 2]
[2026-07-30 03:42:09]   H = [1, 0, 0; 0, 5, 4; 0, 0, 1]
[2026-07-30 03:42:09]   det(H) = 5; [Cl(K):H] = 5
[2026-07-30 03:42:09]   class-field modulus = 1 (ordinary class group)
[2026-07-30 03:42:09]   relative degree = 5; disc(L) = disc(K)^5 = -7002499387007656523110462862970982400000; finite-unramified=PASS
[2026-07-30 03:42:09]   H column 1: t(h)=0 PASS
[2026-07-30 03:42:09]   H column 2: t(h)=0 PASS
[2026-07-30 03:42:09]   H column 3: t(h)=0 PASS
[2026-07-30 03:42:09]   A=[0, 2, 2] lambda=2 u=1 lambda/u=2 sigma_t/sigma_Artin=2
[2026-07-30 03:42:09]   generator g_1: Artin exponent A_i=0; relative to sigma_t=0; prescribed t_i=0 PASS
[2026-07-30 03:42:09]   generator g_2: Artin exponent A_i=2; relative to sigma_t=1; prescribed t_i=1 PASS
[2026-07-30 03:42:09]   generator g_3: Artin exponent A_i=2; relative to sigma_t=1; prescribed t_i=1 PASS
[2026-07-30 03:42:09]   direct AC and independent norm-class checks
[2026-07-30 03:42:10]   input e_1: AC1_COMPACT_DIVISOR=PASS AC2_UNIT_STATUS=PASS AC2_MODULAR_SIGN=PASS AC2_UNIT_COORD=PASS independent D=[4, 2, 3] production D=[4, 2, 3] MATCH
[2026-07-30 03:42:10]     rational_prime=7 prime_ideal=[7, [-1, 1]~, 1, 1, [1, -23280410; 1, 1]] residue(u)=1 residue(+1)=1 residue(-1)=6 unit_coordinates=[0]~
[2026-07-30 03:42:11]   input e_2: AC1_COMPACT_DIVISOR=PASS AC2_UNIT_STATUS=PASS AC2_MODULAR_SIGN=PASS AC2_UNIT_COORD=PASS independent D=[4, 4, 1] production D=[4, 4, 1] MATCH
[2026-07-30 03:42:11]     rational_prime=7 prime_ideal=[7, [-1, 1]~, 1, 1, [1, -23280410; 1, 1]] residue(u)=1 residue(+1)=1 residue(-1)=6 unit_coordinates=[0]~
[2026-07-30 03:42:12]   input e_3: AC1_COMPACT_DIVISOR=PASS AC2_UNIT_STATUS=PASS AC2_MODULAR_SIGN=PASS AC2_UNIT_COORD=PASS independent D=[3, 3, 2] production D=[3, 3, 2] MATCH
[2026-07-30 03:42:12]     rational_prime=7 prime_ideal=[7, [-1, 1]~, 1, 1, [1, -23280410; 1, 1]] residue(u)=1 residue(+1)=1 residue(-1)=6 unit_coordinates=[0]~
[2026-07-30 03:42:12] CHARACTER_DONE index=6 D_t=[4, 4, 3; 2, 4, 3; 3, 1, 2]
[2026-07-30 03:42:12] 	Command being timed: "/home/denis/massey/Massey-pari/parallelization/character_driver 5 s^2+23280410 6 work/D-93121640/mat-6.gp"
[2026-07-30 03:42:12] 	User time (seconds): 303.18
[2026-07-30 03:42:12] 	System time (seconds): 0.48
[2026-07-30 03:42:12] 	Percent of CPU this job got: 99%
[2026-07-30 03:42:12] 	Elapsed (wall clock) time (h:mm:ss or m:ss): 5:03.82
[2026-07-30 03:42:12] 	Average shared text size (kbytes): 0
[2026-07-30 03:42:12] 	Average unshared data size (kbytes): 0
[2026-07-30 03:42:12] 	Average stack size (kbytes): 0
[2026-07-30 03:42:12] 	Average total size (kbytes): 0
[2026-07-30 03:42:12] 	Maximum resident set size (kbytes): 438772
[2026-07-30 03:42:12] 	Average resident set size (kbytes): 0
[2026-07-30 03:42:12] 	Major (requiring I/O) page faults: 0
[2026-07-30 03:42:12] 	Minor (reclaiming a frame) page faults: 165673
[2026-07-30 03:42:12] 	Voluntary context switches: 37
[2026-07-30 03:42:12] 	Involuntary context switches: 438
[2026-07-30 03:42:12] 	Swaps: 0
[2026-07-30 03:42:12] 	File system inputs: 0
[2026-07-30 03:42:12] 	File system outputs: 136
[2026-07-30 03:42:12] 	Socket messages sent: 0
[2026-07-30 03:42:12] 	Socket messages received: 0
[2026-07-30 03:42:12] 	Signals delivered: 0
[2026-07-30 03:42:12] 	Page size (bytes): 4096
[2026-07-30 03:42:12] 	Exit status: 0
==== finish ====
BASE_BNF_CERTIFIED
P_CLASS_RANK 3
SECONDARY_NORMS COLLECTED
MASSEY_RANK 3
STRONG_FREENESS PASS
LEADING_WORDS ["ccb", "caa", "cab"]
MILD PASS
RESULT_WRITTEN work/D-93121640/result.gp
